 allp40

 Timestamp is 3d31fc77 (Sun Jul 14 18:34:31 2002)

 Preferred load address is 10000000

 Start         Length     Name                   Class
 0001:00000000 000695b0H .text                   CODE
 0002:00000000 00000230H .rdata                  DATA
 0002:00000230 00008925H .edata                  DATA
 0003:00000000 00000004H .CRT$XCA                DATA
 0003:00000004 00000004H .CRT$XCZ                DATA
 0003:00000008 00000004H .CRT$XIA                DATA
 0003:0000000c 00000004H .CRT$XIZ                DATA
 0003:00000010 00008260H .data                   DATA
 0003:00008270 0001eba0H .bss                    DATA
 0004:00000000 000000b4H .idata$2                DATA
 0004:000000b4 00000014H .idata$3                DATA
 0004:000000c8 000002f0H .idata$4                DATA
 0004:000003b8 000002f0H .idata$5                DATA
 0004:000006a8 00000b22H .idata$6                DATA
 0005:00000000 00000058H .rsrc$01                DATA
 0005:00000060 00000348H .rsrc$02                DATA

  Address         Publics by Value              Rva+Base     Lib:Object

 0001:00000000       __add_exit_func            10001000 f   allegro.obj
 0001:00000040       __remove_exit_func         10001040 f   allegro.obj
 0001:00000090       _install_allegro           10001090 f   allegro.obj
 0001:000002b0       _allegro_exit              100012b0 f   allegro.obj
 0001:00000310       _allegro_message           10001310 f   allegro.obj
 0001:000003b0       _get_executable_name       100013b0 f   allegro.obj
 0001:00000400       _al_assert                 10001400 f   allegro.obj
 0001:000005b0       _al_trace                  100015b0 f   allegro.obj
 0001:000006a0       _register_assert_handler   100016a0 f   allegro.obj
 0001:000006b0       _register_trace_handler    100016b0 f   allegro.obj
 0001:000006c0       __al_malloc                100016c0 f   allegro.obj
 0001:000006d0       __al_free                  100016d0 f   allegro.obj
 0001:000006e0       __al_realloc               100016e0 f   allegro.obj
 0001:00000730       __blit_between_formats     10001730 f   blit.obj
 0001:000032b0       _blit                      100042b0 f   blit.obj
 0001:000036e0       _masked_blit               100046e0 f   blit.obj
 0001:000037f0       _load_bmp                  100047f0 f   bmp.obj
 0001:00004310       _save_bmp                  10005310 f   bmp.obj
 0001:00004700       _clip3d                    10005700 f   clip3d.obj
 0001:000063d0       __set_errno_erange         100073d0 f i clip3d.obj
 0001:000063e0       _clip3d_f                  100073e0 f   clip3df.obj
 0001:00007a60       __blender_black            10008a60 f   colblend.obj
 0001:00007a70       __blender_alpha24          10008a70 f   colblend.obj
 0001:00007b20       __blender_alpha32          10008b20 f   colblend.obj
 0001:00007b80       __blender_alpha24_bgr      10008b80 f   colblend.obj
 0001:00007bf0       __blender_add24            10008bf0 f   colblend.obj
 0001:00007cb0       __blender_burn24           10008cb0 f   colblend.obj
 0001:00007d60       __blender_color24          10008d60 f   colblend.obj
 0001:00007e90       __blender_difference24     10008e90 f   colblend.obj
 0001:00007f40       __blender_dissolve24       10008f40 f   colblend.obj
 0001:00007f70       __blender_dodge24          10008f70 f   colblend.obj
 0001:00008000       __blender_hue24            10009000 f   colblend.obj
 0001:00008110       __blender_invert24         10009110 f   colblend.obj
 0001:00008180       __blender_luminance24      10009180 f   colblend.obj
 0001:00008290       __blender_multiply24       10009290 f   colblend.obj
 0001:00008330       __blender_saturation24     10009330 f   colblend.obj
 0001:00008440       __blender_screen24         10009440 f   colblend.obj
 0001:00008520       __blender_trans16          10009520 f   colblend.obj
 0001:00008580       __blender_alpha16          10009580 f   colblend.obj
 0001:00008630       __blender_alpha16_rgb      10009630 f   colblend.obj
 0001:000086b0       __blender_alpha16_bgr      100096b0 f   colblend.obj
 0001:00008730       __blender_add16            10009730 f   colblend.obj
 0001:00008810       __blender_burn16           10009810 f   colblend.obj
 0001:000088e0       __blender_color16          100098e0 f   colblend.obj
 0001:00008a30       __blender_difference16     10009a30 f   colblend.obj
 0001:00008b00       __blender_dissolve16       10009b00 f   colblend.obj
 0001:00008b30       __blender_dodge16          10009b30 f   colblend.obj
 0001:00008c10       __blender_hue16            10009c10 f   colblend.obj
 0001:00008d50       __blender_invert16         10009d50 f   colblend.obj
 0001:00008de0       __blender_luminance16      10009de0 f   colblend.obj
 0001:00008f20       __blender_multiply16       10009f20 f   colblend.obj
 0001:00009020       __blender_saturation16     1000a020 f   colblend.obj
 0001:00009160       __blender_screen16         1000a160 f   colblend.obj
 0001:000092a0       __blender_trans15          1000a2a0 f   colblend.obj
 0001:00009300       __blender_alpha15          1000a300 f   colblend.obj
 0001:000093b0       __blender_alpha15_rgb      1000a3b0 f   colblend.obj
 0001:00009430       __blender_alpha15_bgr      1000a430 f   colblend.obj
 0001:000094b0       __blender_add15            1000a4b0 f   colblend.obj
 0001:00009590       __blender_burn15           1000a590 f   colblend.obj
 0001:00009660       __blender_color15          1000a660 f   colblend.obj
 0001:000097b0       __blender_difference15     1000a7b0 f   colblend.obj
 0001:00009880       __blender_dissolve15       1000a880 f   colblend.obj
 0001:000098b0       __blender_dodge15          1000a8b0 f   colblend.obj
 0001:00009990       __blender_hue15            1000a990 f   colblend.obj
 0001:00009ad0       __blender_invert15         1000aad0 f   colblend.obj
 0001:00009b60       __blender_luminance15      1000ab60 f   colblend.obj
 0001:00009ca0       __blender_multiply15       1000aca0 f   colblend.obj
 0001:00009da0       __blender_saturation15     1000ada0 f   colblend.obj
 0001:00009ee0       __blender_screen15         1000aee0 f   colblend.obj
 0001:0000a020       _set_trans_blender         1000b020 f   colblend.obj
 0001:0000a050       _set_add_blender           1000b050 f   colblend.obj
 0001:0000a080       _set_burn_blender          1000b080 f   colblend.obj
 0001:0000a0b0       _set_color_blender         1000b0b0 f   colblend.obj
 0001:0000a0e0       _set_difference_blender    1000b0e0 f   colblend.obj
 0001:0000a110       _set_dissolve_blender      1000b110 f   colblend.obj
 0001:0000a140       _set_dodge_blender         1000b140 f   colblend.obj
 0001:0000a170       _set_hue_blender           1000b170 f   colblend.obj
 0001:0000a1a0       _set_invert_blender        1000b1a0 f   colblend.obj
 0001:0000a1d0       _set_luminance_blender     1000b1d0 f   colblend.obj
 0001:0000a200       _set_multiply_blender      1000b200 f   colblend.obj
 0001:0000a230       _set_saturation_blender    1000b230 f   colblend.obj
 0001:0000a260       _set_screen_blender        1000b260 f   colblend.obj
 0001:0000a290       _set_alpha_blender         1000b290 f   colblend.obj
 0001:0000a3f0       __blender_write_alpha      1000b3f0 f   colblend.obj
 0001:0000a410       _set_write_alpha_blender   1000b410 f   colblend.obj
 0001:0000a450       _makecol_depth             1000b450 f   color.obj
 0001:0000a580       _makeacol_depth            1000b580 f   color.obj
 0001:0000a6c0       _makecol                   1000b6c0 f   color.obj
 0001:0000a6e0       _makeacol                  1000b6e0 f   color.obj
 0001:0000a710       _getr_depth                1000b710 f   color.obj
 0001:0000a7d0       _getg_depth                1000b7d0 f   color.obj
 0001:0000a890       _getb_depth                1000b890 f   color.obj
 0001:0000a950       _geta_depth                1000b950 f   color.obj
 0001:0000a970       _getr                      1000b970 f   color.obj
 0001:0000a990       _getg                      1000b990 f   color.obj
 0001:0000a9b0       _getb                      1000b9b0 f   color.obj
 0001:0000a9d0       _geta                      1000b9d0 f   color.obj
 0001:0000a9f0       _bestfit_color             1000b9f0 f   color.obj
 0001:0000ab10       _makecol8                  1000bb10 f   color.obj
 0001:0000ab70       _hsv_to_rgb                1000bb70 f   color.obj
 0001:0000ad80       _rgb_to_hsv                1000bd80 f   color.obj
 0001:0000af10       _create_rgb_table          1000bf10 f   color.obj
 0001:0000be50       _create_light_table        1000ce50 f   color.obj
 0001:0000c050       _create_trans_table        1000d050 f   color.obj
 0001:0000c2f0       _create_color_table        1000d2f0 f   color.obj
 0001:0000c3b0       _create_blender_table      1000d3b0 f   color.obj
 0001:0000c5f0       _flush_config_file         1000d5f0 f   config.obj
 0001:0000c750       _set_config_file           1000d750 f   config.obj
 0001:0000ced0       _set_config_data           1000ded0 f   config.obj
 0001:0000cef0       _override_config_file      1000def0 f   config.obj
 0001:0000cf10       _override_config_data      1000df10 f   config.obj
 0001:0000cf30       _push_config_state         1000df30 f   config.obj
 0001:0000cf70       _pop_config_state          1000df70 f   config.obj
 0001:0000cfb0       _hook_config_section       1000dfb0 f   config.obj
 0001:0000d1a0       _config_is_hooked          1000e1a0 f   config.obj
 0001:0000d200       _get_config_string         1000e200 f   config.obj
 0001:0000d400       _get_config_int            1000e400 f   config.obj
 0001:0000d4f0       _get_config_hex            1000e4f0 f   config.obj
 0001:0000d580       _get_config_float          1000e580 f   config.obj
 0001:0000d5c0       _get_config_id             1000e5c0 f   config.obj
 0001:0000d690       _get_config_argv           1000e690 f   config.obj
 0001:0000d810       _set_config_string         1000e810 f   config.obj
 0001:0000db50       _set_config_int            1000eb50 f   config.obj
 0001:0000dba0       _set_config_hex            1000eba0 f   config.obj
 0001:0000dc30       _set_config_float          1000ec30 f   config.obj
 0001:0000dc80       _set_config_id             1000ec80 f   config.obj
 0001:0000dd50       _reload_config_texts       1000ed50 f   config.obj
 0001:0000df50       _get_config_text           1000ef50 f   config.obj
 0001:0000e100       _load_datafile             1000f100 f   datafile.obj
 0001:0000e110       _load_datafile_callback    1000f110 f   datafile.obj
 0001:000101a0       _load_datafile_object      100111a0 f   datafile.obj
 0001:000102e0       __unload_datafile_object   100112e0 f   datafile.obj
 0001:00010370       _unload_datafile           10011370 f   datafile.obj
 0001:000103b0       _unload_datafile_object    100113b0 f   datafile.obj
 0001:000103d0       _find_datafile_object      100113d0 f   datafile.obj
 0001:000104e0       _get_datafile_property     100114e0 f   datafile.obj
 0001:00010520       _fixup_datafile            10011520 f   datafile.obj
 0001:00010c00       __construct_datafile       10011c00 f   datafile.obj
 0001:00010cb0       __initialize_datafile_types 10011cb0 f   datafile.obj
 0001:00011210       _register_datafile_object  10012210 f   dataregi.obj
 0001:00011290       __digmid_find_patches      10012290 f   digmid.obj
 0001:00012c20       _makecol15_dither          10013c20 f   dither.obj
 0001:00012d20       _makecol16_dither          10013d20 f   dither.obj
 0001:00012e30       _set_display_switch_mode   10013e30 f   dispsw.obj
 0001:00012e70       _get_display_switch_mode   10013e70 f   dispsw.obj
 0001:00012e80       _set_display_switch_callback 10013e80 f   dispsw.obj
 0001:00012eb0       _remove_display_switch_callback 10013eb0 f   dispsw.obj
 0001:00012ed0       __register_switch_bitmap   10013ed0 f   dispsw.obj
 0001:00012fd0       __unregister_switch_bitmap 10013fd0 f   dispsw.obj
 0001:00013030       __save_switch_state        10014030 f   dispsw.obj
 0001:000132f0       __restore_switch_state     100142f0 f   dispsw.obj
 0001:00013450       __create_driver_list       10014450 f   drvlist.obj
 0001:00013470       __destroy_driver_list      10014470 f   drvlist.obj
 0001:00013480       __driver_list_append_driver 10014480 f   drvlist.obj
 0001:00013510       __driver_list_prepend_driver 10014510 f   drvlist.obj
 0001:00013570       __driver_list_append_list  10014570 f   drvlist.obj
 0001:000135a0       _fix_filename_case         100145a0 f   file.obj
 0001:000135b0       _fix_filename_slashes      100145b0 f   file.obj
 0001:00013610       _fix_filename_path         10014610 f   file.obj
 0001:000139e0       _replace_filename          100149e0 f   file.obj
 0001:00013a80       _replace_extension         10014a80 f   file.obj
 0001:00013b60       _append_filename           10014b60 f   file.obj
 0001:00013c50       _get_filename              10014c50 f   file.obj
 0001:00013ca0       _get_extension             10014ca0 f   file.obj
 0001:00013d20       _put_backslash             10014d20 f   file.obj
 0001:00013d80       _file_exists               10014d80 f   file.obj
 0001:000142a0       _exists                    100152a0 f   file.obj
 0001:000142c0       _file_size                 100152c0 f   file.obj
 0001:00014320       _file_time                 10015320 f   file.obj
 0001:00014360       _delete_file               10015360 f   file.obj
 0001:00014410       _for_each_file             10015410 f   file.obj
 0001:00014590       _find_allegro_resource     10015590 f   file.obj
 0001:00014f20       _packfile_password         10015f20 f   file.obj
 0001:00014f70       __pack_fdopen              10015f70 f   file.obj
 0001:00015580       _pack_fopen                10016580 f   file.obj
 0001:00015690       _pack_fclose               10016690 f   file.obj
 0001:00015710       _pack_fopen_chunk          10016710 f   file.obj
 0001:00015930       _pack_fclose_chunk         10016930 f   file.obj
 0001:00015af0       _pack_fseek                10016af0 f   file.obj
 0001:00015bd0       _pack_igetw                10016bd0 f   file.obj
 0001:00015c40       _pack_igetl                10016c40 f   file.obj
 0001:00015d20       _pack_iputw                10016d20 f   file.obj
 0001:00015dc0       _pack_iputl                10016dc0 f   file.obj
 0001:00015f10       _pack_mgetw                10016f10 f   file.obj
 0001:00015f80       _pack_mgetl                10016f80 f   file.obj
 0001:00016060       _pack_mputw                10017060 f   file.obj
 0001:000160f0       _pack_mputl                100170f0 f   file.obj
 0001:00016240       _pack_fread                10017240 f   file.obj
 0001:000162a0       _pack_fwrite               100172a0 f   file.obj
 0001:00016300       _pack_fgets                10017300 f   file.obj
 0001:00016450       _pack_fputs                10017450 f   file.obj
 0001:00016530       __sort_out_getc            10017530 f   file.obj
 0001:00016750       __sort_out_putc            10017750 f   file.obj
 0001:00017170       _play_fli                  10018170 f   fli.obj
 0001:00017260       _play_memory_fli           10018260 f   fli.obj
 0001:00017290       _open_fli                  10018290 f   fli.obj
 0001:00017620       _open_memory_fli           10018620 f   fli.obj
 0001:00017650       _close_fli                 10018650 f   fli.obj
 0001:000176d0       _next_fli_frame            100186d0 f   fli.obj
 0001:000185e0       _reset_fli_variables       100195e0 f   fli.obj
 0001:00018610       _floodfill                 10019610 f   flood.obj
 0001:00018c70       __mono_find_glyph          10019c70 f   font.obj
 0001:00018e50       __color_find_glyph         10019e50 f   font.obj
 0001:0001a0d0       _file_select_ex            1001b0d0 f   fsel.obj
 0001:0001a4a0       _file_select               1001b4a0 f   fsel.obj
 0001:0001a4d0       _drawing_mode              1001b4d0 f   gfx.obj
 0001:0001a590       _set_blender_mode          1001b590 f   gfx.obj
 0001:0001a690       _set_blender_mode_ex       1001b690 f   gfx.obj
 0001:0001a7a0       _xor_mode                  1001b7a0 f   gfx.obj
 0001:0001a7c0       _solid_mode                1001b7c0 f   gfx.obj
 0001:0001a7e0       _clear_bitmap              1001b7e0 f   gfx.obj
 0001:0001a800       _vsync                     1001b800 f   gfx.obj
 0001:0001a820       _set_color                 1001b820 f   gfx.obj
 0001:0001a840       _set_palette               1001b840 f   gfx.obj
 0001:0001a860       _set_palette_range         1001b860 f   gfx.obj
 0001:0001a950       _select_palette            1001b950 f   gfx.obj
 0001:0001aa00       _unselect_palette          1001ba00 f   gfx.obj
 0001:0001ab50       _generate_332_palette      1001bb50 f   gfx.obj
 0001:0001ac00       _get_color                 1001bc00 f   gfx.obj
 0001:0001ac20       _get_palette               1001bc20 f   gfx.obj
 0001:0001ac40       _get_palette_range         1001bc40 f   gfx.obj
 0001:0001ac80       _fade_interpolate          1001bc80 f   gfx.obj
 0001:0001ad70       _fade_from_range           1001bd70 f   gfx.obj
 0001:0001ae90       _fade_in_range             1001be90 f   gfx.obj
 0001:0001aec0       _fade_out_range            1001bec0 f   gfx.obj
 0001:0001af00       _fade_from                 1001bf00 f   gfx.obj
 0001:0001af20       _fade_in                   1001bf20 f   gfx.obj
 0001:0001af40       _fade_out                  1001bf40 f   gfx.obj
 0001:0001af60       _rect                      1001bf60 f   gfx.obj
 0001:0001b020       __normal_rectfill          1001c020 f   gfx.obj
 0001:0001b100       _do_line                   1001c100 f   gfx.obj
 0001:0001b3f0       __normal_line              1001c3f0 f   gfx.obj
 0001:0001b530       _do_circle                 1001c530 f   gfx.obj
 0001:0001b720       _circle                    1001c720 f   gfx.obj
 0001:0001b7f0       _circlefill                1001c7f0 f   gfx.obj
 0001:0001ba00       _do_ellipse                1001ca00 f   gfx.obj
 0001:0001bde0       _ellipse                   1001cde0 f   gfx.obj
 0001:0001bec0       _ellipsefill               1001cec0 f   gfx.obj
 0001:0001c2b0       _do_arc                    1001d2b0 f   gfx.obj
 0001:0001c5d0       _arc                       1001d5d0 f   gfx.obj
 0001:0001c630       __linear_draw_glyph8       1001d630 f   glyph.obj
 0001:0001c7f0       __linear_draw_glyph16      1001d7f0 f   glyph.obj
 0001:0001c9c0       __linear_draw_glyph24      1001d9c0 f   glyph.obj
 0001:0001cbd0       __linear_draw_glyph32      1001dbd0 f   glyph.obj
 0001:0001cda0       _lock_bitmap               1001dda0 f   graphics.obj
 0001:0001cdb0       _request_refresh_rate      1001ddb0 f   graphics.obj
 0001:0001cdc0       _get_refresh_rate          1001ddc0 f   graphics.obj
 0001:0001cdd0       _get_gfx_mode_list         1001ddd0 f   graphics.obj
 0001:0001ceb0       _destroy_gfx_mode_list     1001deb0 f   graphics.obj
 0001:0001cee0       _set_color_depth           1001dee0 f   graphics.obj
 0001:0001cf70       _set_color_conversion      1001df70 f   graphics.obj
 0001:0001cf90       __color_load_depth         1001df90 f   graphics.obj
 0001:0001d000       __get_vtable               1001e000 f   graphics.obj
 0001:0001d050       _set_gfx_mode              1001e050 f   graphics.obj
 0001:0001d9c0       __sort_out_virtual_width   1001e9c0 f   graphics.obj
 0001:0001da00       __make_bitmap              1001ea00 f   graphics.obj
 0001:0001dbd0       _create_bitmap_ex          1001ebd0 f   graphics.obj
 0001:0001dcf0       _create_bitmap             1001ecf0 f   graphics.obj
 0001:0001dd10       _create_sub_bitmap         1001ed10 f   graphics.obj
 0001:0001def0       _create_video_bitmap       1001eef0 f   graphics.obj
 0001:0001e0c0       _create_system_bitmap      1001f0c0 f   graphics.obj
 0001:0001e100       _destroy_bitmap            1001f100 f   graphics.obj
 0001:0001e1d0       _set_clip                  1001f1d0 f   graphics.obj
 0001:0001e2e0       _scroll_screen             1001f2e0 f   graphics.obj
 0001:0001e3c0       _request_scroll            1001f3c0 f   graphics.obj
 0001:0001e4b0       _poll_scroll               1001f4b0 f   graphics.obj
 0001:0001e4d0       _show_video_bitmap         1001f4d0 f   graphics.obj
 0001:0001e530       _request_video_bitmap      1001f530 f   graphics.obj
 0001:0001e590       _enable_triple_buffer      1001f590 f   graphics.obj
 0001:0001e5e0       _draw_gouraud_sprite       1001f5e0 f   gsprite.obj
 0001:0001ea70       _position_dialog           1001fa70 f   gui.obj
 0001:0001eae0       _centre_dialog             1001fae0 f   gui.obj
 0001:0001ec00       _set_dialog_color          1001fc00 f   gui.obj
 0001:0001ec30       _find_dialog_focus         1001fc30 f   gui.obj
 0001:0001ec60       _dialog_message            1001fc60 f   gui.obj
 0001:0001edd0       _broadcast_dialog_message  1001fdd0 f   gui.obj
 0001:0001ee00       _offer_focus               1001fe00 f   gui.obj
 0001:0001f010       _do_dialog                 10020010 f   gui.obj
 0001:0001f0a0       _popup_dialog              100200a0 f   gui.obj
 0001:0001f150       _init_dialog               10020150 f   gui.obj
 0001:0001f4c0       _update_dialog             100204c0 f   gui.obj
 0001:00020300       _shutdown_dialog           10021300 f   gui.obj
 0001:000203f0       _menu_alt_key              100213f0 f   gui.obj
 0001:000204b0       _do_menu                   100214b0 f   gui.obj
 0001:00021660       _d_menu_proc               10022660 f   gui.obj
 0001:00021860       _alert3                    10022860 f   gui.obj
 0001:00021c50       _alert                     10022c50 f   gui.obj
 0001:00021c90       _gui_textout               10022c90 f   guiproc.obj
 0001:00021ea0       _gui_strlen                10022ea0 f   guiproc.obj
 0001:00021ec0       _d_yield_proc              10022ec0 f   guiproc.obj
 0001:00021ee0       _d_clear_proc              10022ee0 f   guiproc.obj
 0001:00021f30       _d_box_proc                10022f30 f   guiproc.obj
 0001:00021fb0       _d_shadow_box_proc         10022fb0 f   guiproc.obj
 0001:000220a0       _d_bitmap_proc             100230a0 f   guiproc.obj
 0001:000220e0       _d_text_proc               100230e0 f   guiproc.obj
 0001:00022150       _d_ctext_proc              10023150 f   guiproc.obj
 0001:000221c0       _d_rtext_proc              100231c0 f   guiproc.obj
 0001:00022250       _d_button_proc             10023250 f   guiproc.obj
 0001:00022750       _d_check_proc              10023750 f   guiproc.obj
 0001:00022960       _d_radio_proc              10023960 f   guiproc.obj
 0001:00022c50       _d_icon_proc               10023c50 f   guiproc.obj
 0001:00022e30       _d_keyboard_proc           10023e30 f   guiproc.obj
 0001:00022e80       _d_edit_proc               10023e80 f   guiproc.obj
 0001:000234f0       __handle_scrollable_scroll_click 100244f0 f   guiproc.obj
 0001:00023700       __handle_scrollable_scroll 10024700 f   guiproc.obj
 0001:000237b0       __handle_listbox_click     100247b0 f   guiproc.obj
 0001:00023ad0       __draw_scrollable_frame    10024ad0 f   guiproc.obj
 0001:00023db0       __draw_listbox             10024db0 f   guiproc.obj
 0001:000240f0       _d_list_proc               100250f0 f   guiproc.obj
 0001:00024590       _d_text_list_proc          10025590 f   guiproc.obj
 0001:000247c0       __draw_textbox             100257c0 f   guiproc.obj
 0001:00024c90       _d_textbox_proc            10025c90 f   guiproc.obj
 0001:00025000       _d_slider_proc             10026000 f   guiproc.obj
 0001:000257d0       __gui_shadow_box_proc      100267d0 f   guiproc.obj
 0001:00025810       __gui_ctext_proc           10026810 f   guiproc.obj
 0001:00025850       __gui_button_proc          10026850 f   guiproc.obj
 0001:00025890       __gui_edit_proc            10026890 f   guiproc.obj
 0001:000258d0       __gui_list_proc            100268d0 f   guiproc.obj
 0001:00025910       __gui_text_list_proc       10026910 f   guiproc.obj
 0001:00025950       _bmp_write24               10026950 f i inline.obj
 0001:00025970       _bmp_read24                10026970 f i inline.obj
 0001:00025990       _set_window_title          10026990 f i inline.obj
 0001:000259b0       _set_window_close_button   100269b0 f i inline.obj
 0001:000259d0       _set_window_close_hook     100269d0 f i inline.obj
 0001:000259f0       _desktop_color_depth       100269f0 f i inline.obj
 0001:00025a10       _get_desktop_resolution    10026a10 f i inline.obj
 0001:00025a30       _yield_timeslice           10026a30 f i inline.obj
 0001:00025a40       __default_ds               10026a40 f i inline.obj
 0001:00025a50       _bmp_write_line            10026a50 f i inline.obj
 0001:00025a60       _bmp_read_line             10026a60 f i inline.obj
 0001:00025a70       _bmp_unwrite_line          10026a70 f i inline.obj
 0001:00025a80       _clear_to_color            10026a80 f i inline.obj
 0001:00025aa0       _bitmap_color_depth        10026aa0 f i inline.obj
 0001:00025ab0       _bitmap_mask_color         10026ab0 f i inline.obj
 0001:00025ac0       _is_same_bitmap            10026ac0 f i inline.obj
 0001:00025b00       _is_linear_bitmap          10026b00 f i inline.obj
 0001:00025b10       _is_planar_bitmap          10026b10 f i inline.obj
 0001:00025b20       _is_memory_bitmap          10026b20 f i inline.obj
 0001:00025b40       _is_screen_bitmap          10026b40 f i inline.obj
 0001:00025b80       _is_video_bitmap           10026b80 f i inline.obj
 0001:00025b90       _is_system_bitmap          10026b90 f i inline.obj
 0001:00025ba0       _is_sub_bitmap             10026ba0 f i inline.obj
 0001:00025bb0       _acquire_bitmap            10026bb0 f i inline.obj
 0001:00025bd0       _release_bitmap            10026bd0 f i inline.obj
 0001:00025bf0       _acquire_screen            10026bf0 f i inline.obj
 0001:00025c10       _release_screen            10026c10 f i inline.obj
 0001:00025c30       _makecol15                 10026c30 f i inline.obj
 0001:00025c70       _makecol16                 10026c70 f i inline.obj
 0001:00025cb0       _makecol24                 10026cb0 f i inline.obj
 0001:00025ce0       _makecol32                 10026ce0 f i inline.obj
 0001:00025d10       _makeacol32                10026d10 f i inline.obj
 0001:00025d50       _getr8                     10026d50 f i inline.obj
 0001:00025d70       _getg8                     10026d70 f i inline.obj
 0001:00025d90       _getb8                     10026d90 f i inline.obj
 0001:00025db0       _getr15                    10026db0 f i inline.obj
 0001:00025dd0       _getg15                    10026dd0 f i inline.obj
 0001:00025df0       _getb15                    10026df0 f i inline.obj
 0001:00025e10       _getr16                    10026e10 f i inline.obj
 0001:00025e30       _getg16                    10026e30 f i inline.obj
 0001:00025e50       _getb16                    10026e50 f i inline.obj
 0001:00025e70       _getr24                    10026e70 f i inline.obj
 0001:00025e90       _getg24                    10026e90 f i inline.obj
 0001:00025eb0       _getb24                    10026eb0 f i inline.obj
 0001:00025ed0       _getr32                    10026ed0 f i inline.obj
 0001:00025ef0       _getg32                    10026ef0 f i inline.obj
 0001:00025f10       _getb32                    10026f10 f i inline.obj
 0001:00025f30       _geta32                    10026f30 f i inline.obj
 0001:00025f50       __set_color                10026f50 f i inline.obj
 0001:00025f70       _getpixel                  10026f70 f i inline.obj
 0001:00025f90       _putpixel                  10026f90 f i inline.obj
 0001:00025fb0       _vline                     10026fb0 f i inline.obj
 0001:00025fe0       _hline                     10026fe0 f i inline.obj
 0001:00026010       _line                      10027010 f i inline.obj
 0001:00026040       _rectfill                  10027040 f i inline.obj
 0001:00026070       _draw_sprite               10027070 f i inline.obj
 0001:000260b0       _draw_sprite_v_flip        100270b0 f i inline.obj
 0001:000260d0       _draw_sprite_h_flip        100270d0 f i inline.obj
 0001:000260f0       _draw_sprite_vh_flip       100270f0 f i inline.obj
 0001:00026110       _draw_trans_sprite         10027110 f i inline.obj
 0001:00026150       _draw_lit_sprite           10027150 f i inline.obj
 0001:00026180       _draw_character            10027180 f i inline.obj
 0001:000261b0       _rotate_sprite             100271b0 f i inline.obj
 0001:00026210       _rotate_sprite_v_flip      10027210 f i inline.obj
 0001:00026270       _rotate_scaled_sprite      10027270 f i inline.obj
 0001:000262e0       _rotate_scaled_sprite_v_flip 100272e0 f i inline.obj
 0001:00026350       _pivot_sprite              10027350 f i inline.obj
 0001:000263a0       _pivot_sprite_v_flip       100273a0 f i inline.obj
 0001:000263f0       _pivot_scaled_sprite       100273f0 f i inline.obj
 0001:00026440       _pivot_scaled_sprite_v_flip 10027440 f i inline.obj
 0001:00026490       __putpixel                 10027490 f i inline.obj
 0001:000264c0       __getpixel                 100274c0 f i inline.obj
 0001:000264f0       __putpixel15               100274f0 f i inline.obj
 0001:000264f0       __putpixel16               100274f0 f i inline.obj
 0001:00026520       __getpixel16               10027520 f i inline.obj
 0001:00026520       __getpixel15               10027520 f i inline.obj
 0001:00026550       __putpixel24               10027550 f i inline.obj
 0001:00026590       __getpixel24               10027590 f i inline.obj
 0001:000265d0       __putpixel32               100275d0 f i inline.obj
 0001:00026600       __getpixel32               10027600 f i inline.obj
 0001:00026630       _draw_rle_sprite           10027630 f i inline.obj
 0001:00026650       _draw_trans_rle_sprite     10027650 f i inline.obj
 0001:00026680       _draw_lit_rle_sprite       10027680 f i inline.obj
 0001:000266b0       _object_message            100276b0 f i inline.obj
 0001:00026720       _pack_getc                 10027720 f i inline.obj
 0001:00026750       _pack_putc                 10027750 f i inline.obj
 0001:00026790       _pack_feof                 10027790 f i inline.obj
 0001:000267a0       _pack_ferror               100277a0 f i inline.obj
 0001:000267b0       _fixadd                    100277b0 f i inline.obj
 0001:000267d0       _fixsub                    100277d0 f i inline.obj
 0001:000267f0       _fixmul                    100277f0 f i inline.obj
 0001:00026830       _fixdiv                    10027830 f i inline.obj
 0001:00026880       _fixfloor                  10027880 f i inline.obj
 0001:00026890       _fixceil                   10027890 f i inline.obj
 0001:000268b0       _ftofix                    100278b0 f i inline.obj
 0001:00026940       _fixtof                    10027940 f i inline.obj
 0001:00026950       _itofix                    10027950 f i inline.obj
 0001:00026960       _fixtoi                    10027960 f i inline.obj
 0001:00026980       _fixcos                    10027980 f i inline.obj
 0001:000269a0       _fixsin                    100279a0 f i inline.obj
 0001:000269c0       _fixtan                    100279c0 f i inline.obj
 0001:000269e0       _fixacos                   100279e0 f i inline.obj
 0001:00026a10       _fixasin                   10027a10 f i inline.obj
 0001:00026a50       _apply_matrix              10027a50 f i inline.obj
 0001:00026c70       _dot_product               10027c70 f i inline.obj
 0001:00026d10       _dot_product_f             10027d10 f i inline.obj
 0001:00026d30       _persp_project             10027d30 f i inline.obj
 0001:00026e40       _persp_project_f           10027e40 f i inline.obj
 0001:00026e80       __grow_scratch_mem         10027e80 f i inline.obj
 0001:00026ee0       _install_joystick          10027ee0 f   joystick.obj
 0001:000271d0       _remove_joystick           100281d0 f   joystick.obj
 0001:00027220       _poll_joystick             10028220 f   joystick.obj
 0001:00027240       _save_joystick_data        10028240 f   joystick.obj
 0001:000272e0       _load_joystick_data        100282e0 f   joystick.obj
 0001:000273e0       _calibrate_joystick_name   100283e0 f   joystick.obj
 0001:00027420       _calibrate_joystick        10028420 f   joystick.obj
 0001:00027470       _initialise_joystick       10028470 f   joystick.obj
 0001:00027490       _clear_keybuf              10028490 f   keyboard.obj
 0001:00027530       _keypressed                10028530 f   keyboard.obj
 0001:00027560       _readkey                   10028560 f   keyboard.obj
 0001:00027590       _ureadkey                  10028590 f   keyboard.obj
 0001:000276a0       _simulate_keypress         100286a0 f   keyboard.obj
 0001:000277b0       _simulate_ukeypress        100287b0 f   keyboard.obj
 0001:000278a0       _set_leds                  100288a0 f   keyboard.obj
 0001:000278e0       _set_keyboard_rate         100288e0 f   keyboard.obj
 0001:00027920       _install_keyboard_hooks    10028920 f   keyboard.obj
 0001:00027980       __handle_key_press         10028980 f   keyboard.obj
 0001:00027c70       __handle_key_release       10028c70 f   keyboard.obj
 0001:00027d30       _poll_keyboard             10028d30 f   keyboard.obj
 0001:00027f70       _keyboard_needs_poll       10028f70 f   keyboard.obj
 0001:00027f80       _scancode_to_ascii         10028f80 f   keyboard.obj
 0001:00027fa0       _install_keyboard          10028fa0 f   keyboard.obj
 0001:000280b0       _remove_keyboard           100290b0 f   keyboard.obj
 0001:00028160       _load_lbm                  10029160 f   lbm.obj
 0001:00028a30       __al_sane_realloc          10029a30 f   libc.obj
 0001:00028a90       _fixatan                   10029a90 f   math.obj
 0001:00028ae0       _fixatan2                  10029ae0 f   math.obj
 0001:00028bc0       _get_translation_matrix    10029bc0 f   math3d.obj
 0001:00028bf0       _get_translation_matrix_f  10029bf0 f   math3d.obj
 0001:00028c20       _get_scaling_matrix        10029c20 f   math3d.obj
 0001:00028c50       _get_scaling_matrix_f      10029c50 f   math3d.obj
 0001:00028c80       _get_x_rotate_matrix       10029c80 f   math3d.obj
 0001:00028ce0       _get_x_rotate_matrix_f     10029ce0 f   math3d.obj
 0001:00028d30       _get_y_rotate_matrix       10029d30 f   math3d.obj
 0001:00028d90       _get_y_rotate_matrix_f     10029d90 f   math3d.obj
 0001:00028dd0       _get_z_rotate_matrix       10029dd0 f   math3d.obj
 0001:00028e30       _get_z_rotate_matrix_f     10029e30 f   math3d.obj
 0001:00028e70       _get_rotation_matrix       10029e70 f   math3d.obj
 0001:000291e0       _get_rotation_matrix_f     1002a1e0 f   math3d.obj
 0001:000292b0       _get_align_matrix          1002a2b0 f   math3d.obj
 0001:000293a0       _get_align_matrix_f        1002a3a0 f   math3d.obj
 0001:00029490       _get_vector_rotation_matrix 1002a490 f   math3d.obj
 0001:000295a0       _get_vector_rotation_matrix_f 1002a5a0 f   math3d.obj
 0001:000296a0       _get_transformation_matrix 1002a6a0 f   math3d.obj
 0001:00029bd0       _get_transformation_matrix_f 1002abd0 f   math3d.obj
 0001:00029cd0       _get_camera_matrix         1002acd0 f   math3d.obj
 0001:00029ec0       _get_camera_matrix_f       1002aec0 f   math3d.obj
 0001:0002a130       _qtranslate_matrix         1002b130 f   math3d.obj
 0001:0002a160       _qtranslate_matrix_f       1002b160 f   math3d.obj
 0001:0002a190       _qscale_matrix             1002b190 f   math3d.obj
 0001:0002a1f0       _qscale_matrix_f           1002b1f0 f   math3d.obj
 0001:0002a220       _matrix_mul                1002b220 f   math3d.obj
 0001:0002a440       _matrix_mul_f              1002b440 f   math3d.obj
 0001:0002a500       _vector_length             1002b500 f   math3d.obj
 0001:0002a5d0       _vector_length_f           1002b5d0 f   math3d.obj
 0001:0002a5f0       _normalize_vector          1002b5f0 f   math3d.obj
 0001:0002a6f0       _normalize_vector_f        1002b6f0 f   math3d.obj
 0001:0002a730       _cross_product             1002b730 f   math3d.obj
 0001:0002a870       _cross_product_f           1002b870 f   math3d.obj
 0001:0002a8c0       _polygon_z_normal          1002b8c0 f   math3d.obj
 0001:0002a970       _polygon_z_normal_f        1002b970 f   math3d.obj
 0001:0002a9a0       _set_projection_viewport   1002b9a0 f   math3d.obj
 0001:0002aa20       _lock_midi                 1002ba20 f   midi.obj
 0001:0002aa30       _load_midi                 1002ba30 f   midi.obj
 0001:0002aba0       _destroy_midi              1002bba0 f   midi.obj
 0001:0002abf0       __midi_allocate_voice      1002bbf0 f   midi.obj
 0001:0002aff0       _play_midi                 1002bff0 f   midi.obj
 0001:0002c050       _play_looped_midi          1002d050 f   midi.obj
 0001:0002c080       _stop_midi                 1002d080 f   midi.obj
 0001:0002c090       _midi_pause                1002d090 f   midi.obj
 0001:0002c0c0       _midi_resume               1002d0c0 f   midi.obj
 0001:0002c0e0       _midi_seek                 1002d0e0 f   midi.obj
 0001:0002c330       _midi_out                  1002d330 f   midi.obj
 0001:0002c3a0       _load_midi_patches         1002d3a0 f   midi.obj
 0001:0002c420       __midi_constructor         1002d420 f   midi.obj
 0001:0002c430       _set_volume_per_voice      1002d430 f   mixer.obj
 0001:0002c440       __mixer_init               1002d440 f   mixer.obj
 0001:0002c730       __mixer_exit               1002d730 f   mixer.obj
 0001:0002c7a0       __mix_some_samples         1002d7a0 f   mixer.obj
 0001:0002fb20       __mixer_init_voice         10030b20 f   mixer.obj
 0001:0002fbd0       __mixer_release_voice      10030bd0 f   mixer.obj
 0001:0002fc00       __mixer_start_voice        10030c00 f   mixer.obj
 0001:0002fc40       __mixer_stop_voice         10030c40 f   mixer.obj
 0001:0002fc60       __mixer_loop_voice         10030c60 f   mixer.obj
 0001:0002fca0       __mixer_get_position       10030ca0 f   mixer.obj
 0001:0002fcd0       __mixer_set_position       10030cd0 f   mixer.obj
 0001:0002fd00       __mixer_get_volume         10030d00 f   mixer.obj
 0001:0002fd20       __mixer_set_volume         10030d20 f   mixer.obj
 0001:0002fd50       __mixer_ramp_volume        10030d50 f   mixer.obj
 0001:0002fdc0       __mixer_stop_volume_ramp   10030dc0 f   mixer.obj
 0001:0002fde0       __mixer_get_frequency      10030de0 f   mixer.obj
 0001:0002fe00       __mixer_set_frequency      10030e00 f   mixer.obj
 0001:0002fe40       __mixer_sweep_frequency    10030e40 f   mixer.obj
 0001:0002feb0       __mixer_stop_frequency_sweep 10030eb0 f   mixer.obj
 0001:0002fed0       __mixer_get_pan            10030ed0 f   mixer.obj
 0001:0002fef0       __mixer_set_pan            10030ef0 f   mixer.obj
 0001:0002ff20       __mixer_sweep_pan          10030f20 f   mixer.obj
 0001:0002ff90       __mixer_stop_pan_sweep     10030f90 f   mixer.obj
 0001:0002ffb0       __mixer_set_echo           10030fb0 f   mixer.obj
 0001:0002ffc0       __mixer_set_tremolo        10030fc0 f   mixer.obj
 0001:0002ffd0       __mixer_set_vibrato        10030fd0 f   mixer.obj
 0001:0002fff0       _d_listchange_proc         10030ff0 f   modesel.obj
 0001:00030470       _gfx_mode_select           10031470 f   modesel.obj
 0001:00030a90       _gfx_mode_select_ex        10031a90 f   modesel.obj
 0001:00030d30       __handle_mouse_input       10031d30 f   mouse.obj
 0001:00030ec0       _set_mouse_sprite          10031ec0 f   mouse.obj
 0001:00031050       _set_mouse_sprite_focus    10032050 f   mouse.obj
 0001:00031080       _show_mouse                10032080 f   mouse.obj
 0001:000316a0       _scare_mouse               100326a0 f   mouse.obj
 0001:00031740       _scare_mouse_area          10032740 f   mouse.obj
 0001:000318c0       _unscare_mouse             100328c0 f   mouse.obj
 0001:00031930       _position_mouse            10032930 f   mouse.obj
 0001:000319a0       _position_mouse_z          100329a0 f   mouse.obj
 0001:000319c0       _set_mouse_range           100329c0 f   mouse.obj
 0001:00031a20       _set_mouse_speed           10032a20 f   mouse.obj
 0001:00031a40       _get_mouse_mickeys         10032a40 f   mouse.obj
 0001:00031a80       _poll_mouse                10032a80 f   mouse.obj
 0001:00031ab0       _mouse_needs_poll          10032ab0 f   mouse.obj
 0001:00031b70       _install_mouse             10032b70 f   mouse.obj
 0001:00031df0       _remove_mouse              10032df0 f   mouse.obj
 0001:00031ec0       __mouse_constructor        10032ec0 f   mouse.obj
 0001:00031ed0       _load_pcx                  10032ed0 f   pcx.obj
 0001:00032460       _save_pcx                  10033460 f   pcx.obj
 0001:00032a10       __poly_scanline_dummy      10033a10 f   poly3d.obj
 0001:00032a20       __fill_3d_edge_structure   10033a20 f   poly3d.obj
 0001:00033090       __fill_3d_edge_structure_f 10034090 f   poly3d.obj
 0001:00033ae0       __get_scanline_filler      10034ae0 f   poly3d.obj
 0001:00033d20       __clip_polygon_segment_f   10034d20 f   poly3d.obj
 0001:00033dd0       _polygon3d                 10034dd0 f   poly3d.obj
 0001:000346c0       _polygon3d_f               100356c0 f   poly3d.obj
 0001:00034850       __clip_polygon_segment     10035850 f   poly3d.obj
 0001:00034a10       _triangle3d                10035a10 f   poly3d.obj
 0001:00035340       _triangle3d_f              10036340 f   poly3d.obj
 0001:00035a00       _quad3d                    10036a00 f   poly3d.obj
 0001:00035a50       _quad3d_f                  10036a50 f   poly3d.obj
 0001:00035aa0       _create_zbuffer            10036aa0 f   poly3d.obj
 0001:00035ac0       _clear_zbuffer             10036ac0 f   poly3d.obj
 0001:00035ae0       _destroy_zbuffer           10036ae0 f   poly3d.obj
 0001:00035b10       _set_zbuffer               10036b10 f   poly3d.obj
 0001:00035b20       _create_sub_zbuffer        10036b20 f   poly3d.obj
 0001:00035b50       _fill_edge_structure       10036b50 f   polygon.obj
 0001:00035bf0       __add_edge                 10036bf0 f   polygon.obj
 0001:00035c80       __remove_edge              10036c80 f   polygon.obj
 0001:00035cb0       _polygon                   10036cb0 f   polygon.obj
 0001:00035ef0       _triangle                  10036ef0 f   polygon.obj
 0001:00035f80       _generate_optimized_palette 10036f80 f   quantize.obj
 0001:00036990       _quat_mul                  10037990 f   quat.obj
 0001:00036a70       _get_x_rotate_quat         10037a70 f   quat.obj
 0001:00036aa0       _get_y_rotate_quat         10037aa0 f   quat.obj
 0001:00036ad0       _get_z_rotate_quat         10037ad0 f   quat.obj
 0001:00036b00       _get_rotation_quat         10037b00 f   quat.obj
 0001:00036bc0       _get_vector_rotation_quat  10037bc0 f   quat.obj
 0001:00036c20       _quat_to_matrix            10037c20 f   quat.obj
 0001:00036d10       _matrix_to_quat            10037d10 f   quat.obj
 0001:00036e40       _apply_quat                10037e40 f   quat.obj
 0001:00036f30       _quat_slerp                10037f30 f   quat.obj
 0001:000370c0       _register_bitmap_file_type 100380c0 f   readbmp.obj
 0001:00037170       _load_bitmap               10038170 f   readbmp.obj
 0001:000371f0       _save_bitmap               100381f0 f   readbmp.obj
 0001:00037280       __fixup_loaded_bitmap      10038280 f   readbmp.obj
 0001:000373a0       __register_bitmap_file_type_init 100383a0 f   readbmp.obj
 0001:000374d0       _get_rle_sprite            100384d0 f   rle.obj
 0001:00037bc0       _destroy_rle_sprite        10038bc0 f   rle.obj
 0001:00037be0       __parallelogram_map        10038be0 f   rotate.obj
 0001:00038690       __parallelogram_map_standard 10039690 f   rotate.obj
 0001:00038c00       __rotate_scale_flip_coordinates 10039c00 f   rotate.obj
 0001:00038fa0       __pivot_scaled_sprite_flip 10039fa0 f   rotate.obj
 0001:00039010       _create_scene              1003a010 f   scene3d.obj
 0001:00039120       _clear_scene               1003a120 f   scene3d.obj
 0001:00039160       _destroy_scene             1003a160 f   scene3d.obj
 0001:000391c0       _scene_polygon3d           1003a1c0 f   scene3d.obj
 0001:00039620       _scene_polygon3d_f         1003a620 f   scene3d.obj
 0001:00039890       _render_scene              1003a890 f   scene3d.obj
 0001:0003a3f0       __dummy_detect             1003b3f0 f   sound.obj
 0001:0003a400       __dummy_init               1003b400 f   sound.obj
 0001:0003a420       __dummy_exit               1003b420 f   sound.obj
 0001:0003a430       __dummy_mixer_volume       1003b430 f   sound.obj
 0001:0003a440       __dummy_init_voice         1003b440 f   sound.obj
 0001:0003a450       __dummy_noop1              1003b450 f   sound.obj
 0001:0003a460       __dummy_noop2              1003b460 f   sound.obj
 0001:0003a470       __dummy_noop3              1003b470 f   sound.obj
 0001:0003a480       __dummy_get_position       1003b480 f   sound.obj
 0001:0003a490       __dummy_get                1003b490 f   sound.obj
 0001:0003a4a0       __dummy_raw_midi           1003b4a0 f   sound.obj
 0001:0003a4b0       __dummy_load_patches       1003b4b0 f   sound.obj
 0001:0003a4c0       __dummy_adjust_patches     1003b4c0 f   sound.obj
 0001:0003a4d0       __dummy_key_on             1003b4d0 f   sound.obj
 0001:0003a4e0       _detect_digi_driver        1003b4e0 f   sound.obj
 0001:0003a7b0       _detect_midi_driver        1003b7b0 f   sound.obj
 0001:0003a880       _reserve_voices            1003b880 f   sound.obj
 0001:0003a8a0       _install_sound             1003b8a0 f   sound.obj
 0001:0003b010       _install_sound_input       1003c010 f   sound.obj
 0001:0003b3c0       _remove_sound              1003c3c0 f   sound.obj
 0001:0003b460       _remove_sound_input        1003c460 f   sound.obj
 0001:0003b4c0       _set_volume                1003c4c0 f   sound.obj
 0001:0003b550       _lock_sample               1003c550 f   sound.obj
 0001:0003b560       _load_sample               1003c560 f   sound.obj
 0001:0003b600       _load_voc                  1003c600 f   sound.obj
 0001:0003b890       _load_wav                  1003c890 f   sound.obj
 0001:0003bab0       _create_sample             1003cab0 f   sound.obj
 0001:0003bb60       _destroy_sample            1003cb60 f   sound.obj
 0001:0003bb90       _play_sample               1003cb90 f   sound.obj
 0001:0003bc20       _adjust_sample             1003cc20 f   sound.obj
 0001:0003bca0       _stop_sample               1003cca0 f   sound.obj
 0001:0003bcd0       _allocate_voice            1003ccd0 f   sound.obj
 0001:0003bfd0       _deallocate_voice          1003cfd0 f   sound.obj
 0001:0003c030       _reallocate_voice          1003d030 f   sound.obj
 0001:0003c0f0       _release_voice             1003d0f0 f   sound.obj
 0001:0003c110       _voice_start               1003d110 f   sound.obj
 0001:0003c150       _voice_stop                1003d150 f   sound.obj
 0001:0003c170       _voice_set_priority        1003d170 f   sound.obj
 0001:0003c190       _voice_check               1003d190 f   sound.obj
 0001:0003c1e0       _voice_get_position        1003d1e0 f   sound.obj
 0001:0003c210       _voice_set_position        1003d210 f   sound.obj
 0001:0003c240       _voice_set_playmode        1003d240 f   sound.obj
 0001:0003c2a0       _voice_get_volume          1003d2a0 f   sound.obj
 0001:0003c300       _voice_set_volume          1003d300 f   sound.obj
 0001:0003c370       _voice_ramp_volume         1003d370 f   sound.obj
 0001:0003c430       _voice_stop_volumeramp     1003d430 f   sound.obj
 0001:0003c470       _voice_get_frequency       1003d470 f   sound.obj
 0001:0003c4a0       _voice_set_frequency       1003d4a0 f   sound.obj
 0001:0003c4f0       _voice_sweep_frequency     1003d4f0 f   sound.obj
 0001:0003c580       _voice_stop_frequency_sweep 1003d580 f   sound.obj
 0001:0003c5c0       _voice_get_pan             1003d5c0 f   sound.obj
 0001:0003c600       _voice_set_pan             1003d600 f   sound.obj
 0001:0003c660       _voice_sweep_pan           1003d660 f   sound.obj
 0001:0003c710       _voice_stop_pan_sweep      1003d710 f   sound.obj
 0001:0003c750       _voice_set_echo            1003d750 f   sound.obj
 0001:0003c790       _voice_set_tremolo         1003d790 f   sound.obj
 0001:0003c7d0       _voice_set_vibrato         1003d7d0 f   sound.obj
 0001:0003c940       _get_sound_input_cap_bits  1003d940 f   sound.obj
 0001:0003c950       _get_sound_input_cap_stereo 1003d950 f   sound.obj
 0001:0003c960       _get_sound_input_cap_rate  1003d960 f   sound.obj
 0001:0003c990       _get_sound_input_cap_parm  1003d990 f   sound.obj
 0001:0003c9c0       _set_sound_input_source    1003d9c0 f   sound.obj
 0001:0003c9e0       _start_sound_input         1003d9e0 f   sound.obj
 0001:0003ca10       _stop_sound_input          1003da10 f   sound.obj
 0001:0003ca30       _read_sound_input          1003da30 f   sound.obj
 0001:0003ca60       _calc_spline               1003da60 f   spline.obj
 0001:0003cc20       _spline                    1003dc20 f   spline.obj
 0001:0003ce40       _play_audio_stream         1003de40 f   stream.obj
 0001:0003cf90       _stop_audio_stream         1003df90 f   stream.obj
 0001:0003cfe0       _get_audio_stream_buffer   1003dfe0 f   stream.obj
 0001:0003d0d0       _free_audio_stream_buffer  1003e0d0 f   stream.obj
 0001:0003d140       _text_mode                 1003e140 f   text.obj
 0001:0003d160       _textout                   1003e160 f   text.obj
 0001:0003d190       _textout_centre            1003e190 f   text.obj
 0001:0003d1d0       _textout_right             1003e1d0 f   text.obj
 0001:0003d210       _textout_justify           1003e210 f   text.obj
 0001:0003d430       _textprintf                1003e430 f   text.obj
 0001:0003d490       _textprintf_centre         1003e490 f   text.obj
 0001:0003d4f0       _textprintf_right          1003e4f0 f   text.obj
 0001:0003d550       _textprintf_justify        1003e550 f   text.obj
 0001:0003d5c0       _text_length               1003e5c0 f   text.obj
 0001:0003d5e0       _text_height               1003e5e0 f   text.obj
 0001:0003d5f0       _destroy_font              1003e5f0 f   text.obj
 0001:0003d600       _load_tga                  1003e600 f   tga.obj
 0001:0003e160       _save_tga                  1003f160 f   tga.obj
 0001:0003e7c0       __handle_timer_tick        1003f7c0 f   timer.obj
 0001:0003e8e0       _rest_callback             1003f8e0 f   timer.obj
 0001:0003e9b0       _rest                      1003f9b0 f   timer.obj
 0001:0003e9c0       _timer_can_simulate_retrace 1003f9c0 f   timer.obj
 0001:0003e9e0       _timer_simulate_retrace    1003f9e0 f   timer.obj
 0001:0003ea00       _timer_is_using_retrace    1003fa00 f   timer.obj
 0001:0003ea10       _install_int               1003fa10 f   timer.obj
 0001:0003ebd0       _install_int_ex            1003fbd0 f   timer.obj
 0001:0003ebf0       _install_param_int         1003fbf0 f   timer.obj
 0001:0003ec20       _install_param_int_ex      1003fc20 f   timer.obj
 0001:0003ec40       _remove_int                1003fc40 f   timer.obj
 0001:0003eca0       _remove_param_int          1003fca0 f   timer.obj
 0001:0003ed00       _install_timer             1003fd00 f   timer.obj
 0001:0003ee00       _remove_timer              1003fe00 f   timer.obj
 0001:0003f280       __find_utype               10040280 f   unicode.obj
 0001:0003f2c0       _set_uformat               100402c0 f   unicode.obj
 0001:0003f320       _get_uformat               10040320 f   unicode.obj
 0001:0003f330       _register_uformat          10040330 f   unicode.obj
 0001:0003f390       _set_ucodepage             10040390 f   unicode.obj
 0001:0003f3b0       _need_uconvert             100403b0 f   unicode.obj
 0001:0003f420       _uconvert_size             10040420 f   unicode.obj
 0001:0003f490       _do_uconvert               10040490 f   unicode.obj
 0001:0003f550       _uconvert                  10040550 f   unicode.obj
 0001:0003f5c0       _uoffset                   100405c0 f   unicode.obj
 0001:0003f620       _ugetat                    10040620 f   unicode.obj
 0001:0003f640       _usetat                    10040640 f   unicode.obj
 0001:0003f6b0       _uinsert                   100406b0 f   unicode.obj
 0001:0003f700       _uremove                   10040700 f   unicode.obj
 0001:0003f740       _uwidth_max                10040740 f   unicode.obj
 0001:0003f760       _utolower                  10040760 f   unicode.obj
 0001:00040010       _utoupper                  10041010 f   unicode.obj
 0001:00040a00       _uisspace                  10041a00 f   unicode.obj
 0001:00040a60       _uisdigit                  10041a60 f   unicode.obj
 0001:00040a80       __ustrdup                  10041a80 f   unicode.obj
 0001:00040ab0       _ustrsize                  10041ab0 f   unicode.obj
 0001:00040ae0       _ustrsizez                 10041ae0 f   unicode.obj
 0001:00040b00       _ustrzcpy                  10041b00 f   unicode.obj
 0001:00040b70       _ustrzcat                  10041b70 f   unicode.obj
 0001:00040bf0       _ustrlen                   10041bf0 f   unicode.obj
 0001:00040c20       _ustrcmp                   10041c20 f   unicode.obj
 0001:00040c80       _ustrzncpy                 10041c80 f   unicode.obj
 0001:00040d60       _ustrzncat                 10041d60 f   unicode.obj
 0001:00040df0       _ustrncmp                  10041df0 f   unicode.obj
 0001:00040e60       _ustricmp                  10041e60 f   unicode.obj
 0001:00040ed0       _ustrlwr                   10041ed0 f   unicode.obj
 0001:00040f30       _ustrupr                   10041f30 f   unicode.obj
 0001:00040f90       _ustrchr                   10041f90 f   unicode.obj
 0001:00040fe0       _ustrrchr                  10041fe0 f   unicode.obj
 0001:00041030       _ustrstr                   10042030 f   unicode.obj
 0001:00041090       _ustrpbrk                  10042090 f   unicode.obj
 0001:00041100       _ustrtok                   10042100 f   unicode.obj
 0001:00041120       _ustrtok_r                 10042120 f   unicode.obj
 0001:000411f0       _uatof                     100421f0 f   unicode.obj
 0001:00041220       _ustrtol                   10042220 f   unicode.obj
 0001:00041290       _ustrtod                   10042290 f   unicode.obj
 0001:000412f0       _ustrerror                 100422f0 f   unicode.obj
 0001:00041330       _uvszprintf                10042330 f   unicode.obj
 0001:000422a0       _usprintf                  100432a0 f   unicode.obj
 0001:000422c0       _uszprintf                 100432c0 f   unicode.obj
 0001:000422e0       __linear_clear_to_color16  100432e0     iblit16.obj
 0001:000424b4       __linear_blit16            100434b4     iblit16.obj
 0001:00042770       __linear_blit_backward16   10043770     iblit16.obj
 0001:000427ec       __linear_blit16_end        100437ec     iblit16.obj
 0001:000427f0       __linear_masked_blit16     100437f0     iblit16.obj
 0001:000428b0       __linear_clear_to_color24  100438b0     iblit24.obj
 0001:0004294c       __linear_blit24            1004394c     iblit24.obj
 0001:000429dc       __linear_blit_backward24   100439dc     iblit24.obj
 0001:00042a7c       __linear_blit24_end        10043a7c     iblit24.obj
 0001:00042a80       __linear_masked_blit24     10043a80     iblit24.obj
 0001:00042b10       __linear_clear_to_color32  10043b10     iblit32.obj
 0001:00042b50       __linear_blit32            10043b50     iblit32.obj
 0001:00042bb4       __linear_blit_backward32   10043bb4     iblit32.obj
 0001:00042c2c       __linear_blit32_end        10043c2c     iblit32.obj
 0001:00042c30       __linear_masked_blit32     10043c30     iblit32.obj
 0001:00042cb0       __linear_clear_to_color8   10043cb0     iblit8.obj
 0001:00042e78       __linear_blit8             10043e78     iblit8.obj
 0001:00042fd8       __linear_blit_backward8    10043fd8     iblit8.obj
 0001:000430a4       __linear_blit8_end         100440a4     iblit8.obj
 0001:000430a8       __linear_masked_blit8      100440a8     iblit8.obj
 0001:000431e0       _check_cpu                 100441e0 f   icpu.obj
 0001:000434f0       __i_is_486                 100444f0     icpus.obj
 0001:00043514       __i_is_fpu                 10044514     icpus.obj
 0001:00043534       __i_is_cyrix               10044534     icpus.obj
 0001:0004355c       __i_cx_w                   1004455c     icpus.obj
 0001:00043570       __i_cx_r                   10044570     icpus.obj
 0001:00043580       __i_is_cpuid_supported     10044580     icpus.obj
 0001:000435a4       __i_get_cpuid_info         100445a4     icpus.obj
 0001:000435d0       _get_compiled_sprite       100445d0 f   icsprite.obj
 0001:000446b0       _destroy_compiled_sprite   100456b0 f   icsprite.obj
 0001:000446f0       __linear_putpixel15        100456f0     igfx15.obj
 0001:000447f0       __linear_hline15           100457f0     igfx15.obj
 0001:000449b0       __linear_vline15           100459b0     igfx15.obj
 0001:00044a60       __linear_putpixel16        10045a60     igfx16.obj
 0001:00044b60       __linear_getpixel16        10045b60     igfx16.obj
 0001:00044bac       __linear_hline16           10045bac     igfx16.obj
 0001:00044d6c       __linear_vline16           10045d6c     igfx16.obj
 0001:00044e10       __linear_putpixel24        10045e10     igfx24.obj
 0001:00044f4c       __linear_getpixel24        10045f4c     igfx24.obj
 0001:00044fa0       __linear_hline24           10045fa0     igfx24.obj
 0001:00045220       __linear_vline24           10046220     igfx24.obj
 0001:000452e0       __linear_putpixel32        100462e0     igfx32.obj
 0001:000453d4       __linear_getpixel32        100463d4     igfx32.obj
 0001:0004541c       __linear_hline32           1004641c     igfx32.obj
 0001:000455b0       __linear_vline32           100465b0     igfx32.obj
 0001:00045650       __linear_putpixel8         10046650     igfx8.obj
 0001:00045738       __linear_getpixel8         10046738     igfx8.obj
 0001:00045780       __linear_hline8            10046780     igfx8.obj
 0001:00045984       __linear_vline8            10046984     igfx8.obj
 0001:00045a30       __stub_bank_switch         10046a30     imisc.obj
 0001:00045a38       __stub_unbank_switch       10046a38     imisc.obj
 0001:00045a3c       __stub_bank_switch_end     10046a3c     imisc.obj
 0001:00045a40       _apply_matrix_f            10046a40     imisc.obj
 0001:00045abc       _draw_compiled_sprite      10046abc     imisc.obj
 0001:00045b64       __do_stretch               10046b64     imisc.obj
 0001:00045c8c       __blender_trans24          10046c8c     imisc.obj
 0001:00045ce4       _fixsqrt                   10046ce4     imisc.obj
 0001:00045d24       _fixhypot                  10046d24     imisc.obj
 0001:00045da0       __poly_scanline_gcol8      10046da0     iscan.obj
 0001:00045dd0       __poly_scanline_grgb8      10046dd0     iscan.obj
 0001:00045e60       __poly_scanline_atex8      10046e60     iscan.obj
 0001:00045ef8       __poly_scanline_atex_mask8 10046ef8     iscan.obj
 0001:00045f8c       __poly_scanline_atex_lit8  10046f8c     iscan.obj
 0001:00046078       __poly_scanline_atex_mask_lit8 10047078     iscan.obj
 0001:00046180       __poly_scanline_ptex8      10047180     iscan.obj
 0001:00046424       __poly_scanline_ptex_mask8 10047424     iscan.obj
 0001:000466d8       __poly_scanline_ptex_lit8  100476d8     iscan.obj
 0001:00046a08       __poly_scanline_grgb15     10047a08     iscan.obj
 0001:00046a7c       __poly_scanline_grgb16     10047a7c     iscan.obj
 0001:00046af0       __poly_scanline_grgb32     10047af0     iscan.obj
 0001:00046b64       __poly_scanline_grgb24     10047b64     iscan.obj
 0001:00046be0       __poly_scanline_atex16     10047be0     iscan.obj
 0001:00046c50       __poly_scanline_atex_mask15 10047c50     iscan.obj
 0001:00046cc8       __poly_scanline_atex_mask16 10047cc8     iscan.obj
 0001:00046d40       __poly_scanline_atex32     10047d40     iscan.obj
 0001:00046db0       __poly_scanline_atex_mask32 10047db0     iscan.obj
 0001:00046e28       __poly_scanline_atex24     10047e28     iscan.obj
 0001:00046ea4       __poly_scanline_atex_mask24 10047ea4     iscan.obj
 0001:00046f2c       __poly_scanline_atex_lit15 10047f2c     iscan.obj
 0001:00046fc8       __poly_scanline_atex_mask_lit15 10047fc8     iscan.obj
 0001:00047068       __poly_scanline_atex_lit16 10048068     iscan.obj
 0001:00047104       __poly_scanline_atex_mask_lit16 10048104     iscan.obj
 0001:000471a4       __poly_scanline_atex_lit32 100481a4     iscan.obj
 0001:0004723c       __poly_scanline_atex_mask_lit32 1004823c     iscan.obj
 0001:000472dc       __poly_scanline_atex_lit24 100482dc     iscan.obj
 0001:00047388       __poly_scanline_atex_mask_lit24 10048388     iscan.obj
 0001:0004743c       __poly_scanline_atex_trans8 1004843c     iscan.obj
 0001:000474c4       __poly_scanline_atex_mask_trans8 100484c4     iscan.obj
 0001:00047550       __poly_scanline_atex_trans15 10048550     iscan.obj
 0001:000475e4       __poly_scanline_atex_mask_trans15 100485e4     iscan.obj
 0001:00047680       __poly_scanline_atex_trans16 10048680     iscan.obj
 0001:00047714       __poly_scanline_atex_mask_trans16 10048714     iscan.obj
 0001:000477b0       __poly_scanline_atex_trans32 100487b0     iscan.obj
 0001:00047844       __poly_scanline_atex_mask_trans32 10048844     iscan.obj
 0001:000478e0       __poly_scanline_atex_trans24 100488e0     iscan.obj
 0001:0004798c       __poly_scanline_atex_mask_trans24 1004898c     iscan.obj
 0001:00047a40       __poly_scanline_ptex16     10048a40     iscan.obj
 0001:00047b64       __poly_scanline_ptex_mask15 10048b64     iscan.obj
 0001:00047c8c       __poly_scanline_ptex_mask16 10048c8c     iscan.obj
 0001:00047db4       __poly_scanline_ptex32     10048db4     iscan.obj
 0001:00047ed4       __poly_scanline_ptex_mask32 10048ed4     iscan.obj
 0001:00047ffc       __poly_scanline_ptex24     10048ffc     iscan.obj
 0001:00048128       __poly_scanline_ptex_mask24 10049128     iscan.obj
 0001:00048268       __poly_scanline_ptex_mask_lit8 10049268     iscan.obj
 0001:000483ac       __poly_scanline_ptex_lit15 100493ac     iscan.obj
 0001:000484fc       __poly_scanline_ptex_mask_lit15 100494fc     iscan.obj
 0001:00048650       __poly_scanline_ptex_lit16 10049650     iscan.obj
 0001:000487a0       __poly_scanline_ptex_mask_lit16 100497a0     iscan.obj
 0001:000488f4       __poly_scanline_ptex_lit32 100498f4     iscan.obj
 0001:00048a40       __poly_scanline_ptex_mask_lit32 10049a40     iscan.obj
 0001:00048b94       __poly_scanline_ptex_lit24 10049b94     iscan.obj
 0001:00048cf4       __poly_scanline_ptex_mask_lit24 10049cf4     iscan.obj
 0001:00048e5c       __poly_scanline_ptex_trans8 10049e5c     iscan.obj
 0001:00048f98       __poly_scanline_ptex_mask_trans8 10049f98     iscan.obj
 0001:000490d8       __poly_scanline_ptex_trans15 1004a0d8     iscan.obj
 0001:00049220       __poly_scanline_ptex_mask_trans15 1004a220     iscan.obj
 0001:00049370       __poly_scanline_ptex_trans16 1004a370     iscan.obj
 0001:000494b8       __poly_scanline_ptex_mask_trans16 1004a4b8     iscan.obj
 0001:00049608       __poly_scanline_ptex_trans32 1004a608     iscan.obj
 0001:00049750       __poly_scanline_ptex_mask_trans32 1004a750     iscan.obj
 0001:000498a0       __poly_scanline_ptex_trans24 1004a8a0     iscan.obj
 0001:00049a00       __poly_scanline_ptex_mask_trans24 1004aa00     iscan.obj
 0001:00049b70       __poly_scanline_grgb8x     1004ab70     iscanmmx.obj
 0001:00049c34       __poly_scanline_grgb15x    1004ac34     iscanmmx.obj
 0001:00049d0c       __poly_scanline_grgb16x    1004ad0c     iscanmmx.obj
 0001:00049dec       __poly_scanline_grgb32x    1004adec     iscanmmx.obj
 0001:00049ec0       __poly_scanline_grgb24x    1004aec0     iscanmmx.obj
 0001:00049fa8       __poly_scanline_atex_lit15x 1004afa8     iscanmmx.obj
 0001:0004a084       __poly_scanline_atex_mask_lit15x 1004b084     iscanmmx.obj
 0001:0004a168       __poly_scanline_atex_lit16x 1004b168     iscanmmx.obj
 0001:0004a244       __poly_scanline_atex_mask_lit16x 1004b244     iscanmmx.obj
 0001:0004a328       __poly_scanline_atex_lit32x 1004b328     iscanmmx.obj
 0001:0004a3d8       __poly_scanline_atex_mask_lit32x 1004b3d8     iscanmmx.obj
 0001:0004a490       __poly_scanline_atex_lit24x 1004b490     iscanmmx.obj
 0001:0004a558       __poly_scanline_atex_mask_lit24x 1004b558     iscanmmx.obj
 0001:0004a628       __poly_scanline_ptex_lit15x 1004b628     iscanmmx.obj
 0001:0004a90c       __poly_scanline_ptex_mask_lit15x 1004b90c     iscanmmx.obj
 0001:0004ac08       __poly_scanline_ptex_lit15d 1004bc08     iscanmmx.obj
 0001:0004ad80       __poly_scanline_ptex_mask_lit15d 1004bd80     iscanmmx.obj
 0001:0004aefc       __poly_scanline_ptex_lit16x 1004befc     iscanmmx.obj
 0001:0004b1e0       __poly_scanline_ptex_mask_lit16x 1004c1e0     iscanmmx.obj
 0001:0004b4dc       __poly_scanline_ptex_lit16d 1004c4dc     iscanmmx.obj
 0001:0004b654       __poly_scanline_ptex_mask_lit16d 1004c654     iscanmmx.obj
 0001:0004b7d0       __poly_scanline_ptex_lit32x 1004c7d0     iscanmmx.obj
 0001:0004ba1c       __poly_scanline_ptex_mask_lit32x 1004ca1c     iscanmmx.obj
 0001:0004bc8c       __poly_scanline_ptex_lit32d 1004cc8c     iscanmmx.obj
 0001:0004bdcc       __poly_scanline_ptex_mask_lit32d 1004cdcc     iscanmmx.obj
 0001:0004bf1c       __poly_scanline_ptex_lit24x 1004cf1c     iscanmmx.obj
 0001:0004c1c0       __poly_scanline_ptex_mask_lit24x 1004d1c0     iscanmmx.obj
 0001:0004c484       __poly_scanline_ptex_lit24d 1004d484     iscanmmx.obj
 0001:0004c5e0       __poly_scanline_ptex_mask_lit24d 1004d5e0     iscanmmx.obj
 0001:0004c750       __linear_draw_trans_sprite15 1004d750     ispr15.obj
 0001:0004c86c       __linear_draw_trans_rgba_sprite15 1004d86c     ispr15.obj
 0001:0004c98c       __linear_draw_lit_sprite15 1004d98c     ispr15.obj
 0001:0004caa0       __linear_draw_rle_sprite15 1004daa0     ispr15.obj
 0001:0004cc24       __linear_draw_trans_rle_sprite15 1004dc24     ispr15.obj
 0001:0004ce3c       __linear_draw_lit_rle_sprite15 1004de3c     ispr15.obj
 0001:0004d034       __linear_draw_trans_rgba_rle_sprite15 1004e034     ispr15.obj
 0001:0004d240       __linear_draw_sprite16     1004e240     ispr16.obj
 0001:0004d3d4       __linear_draw_sprite16_end 1004e3d4     ispr16.obj
 0001:0004d3d8       __linear_draw_256_sprite16 1004e3d8     ispr16.obj
 0001:0004d4d8       __linear_draw_sprite_v_flip16 1004e4d8     ispr16.obj
 0001:0004d5dc       __linear_draw_sprite_h_flip16 1004e5dc     ispr16.obj
 0001:0004d6e0       __linear_draw_sprite_vh_flip16 1004e6e0     ispr16.obj
 0001:0004d7ec       __linear_draw_trans_sprite16 1004e7ec     ispr16.obj
 0001:0004d908       __linear_draw_trans_rgba_sprite16 1004e908     ispr16.obj
 0001:0004da28       __linear_draw_lit_sprite16 1004ea28     ispr16.obj
 0001:0004db3c       __linear_draw_character16  1004eb3c     ispr16.obj
 0001:0004dc64       __linear_draw_rle_sprite16 1004ec64     ispr16.obj
 0001:0004dde8       __linear_draw_trans_rle_sprite16 1004ede8     ispr16.obj
 0001:0004e000       __linear_draw_lit_rle_sprite16 1004f000     ispr16.obj
 0001:0004e1f8       __linear_draw_trans_rgba_rle_sprite16 1004f1f8     ispr16.obj
 0001:0004e400       __linear_draw_sprite24     1004f400     ispr24.obj
 0001:0004e510       __linear_draw_sprite24_end 1004f510     ispr24.obj
 0001:0004e514       __linear_draw_256_sprite24 1004f514     ispr24.obj
 0001:0004e620       __linear_draw_sprite_v_flip24 1004f620     ispr24.obj
 0001:0004e738       __linear_draw_sprite_h_flip24 1004f738     ispr24.obj
 0001:0004e854       __linear_draw_sprite_vh_flip24 1004f854     ispr24.obj
 0001:0004e978       __linear_draw_trans_sprite24 1004f978     ispr24.obj
 0001:0004eab0       __linear_draw_trans_rgba_sprite24 1004fab0     ispr24.obj
 0001:0004ebd8       __linear_draw_lit_sprite24 1004fbd8     ispr24.obj
 0001:0004ed04       __linear_draw_character24  1004fd04     ispr24.obj
 0001:0004ee58       __linear_draw_rle_sprite24 1004fe58     ispr24.obj
 0001:0004effc       __linear_draw_trans_rle_sprite24 1004fffc     ispr24.obj
 0001:0004f224       __linear_draw_lit_rle_sprite24 10050224     ispr24.obj
 0001:0004f428       __linear_draw_trans_rgba_rle_sprite24 10050428     ispr24.obj
 0001:0004f650       __linear_draw_sprite32     10050650     ispr32.obj
 0001:0004f74c       __linear_draw_sprite32_end 1005074c     ispr32.obj
 0001:0004f750       __linear_draw_256_sprite32 10050750     ispr32.obj
 0001:0004f84c       __linear_draw_sprite_v_flip32 1005084c     ispr32.obj
 0001:0004f94c       __linear_draw_sprite_h_flip32 1005094c     ispr32.obj
 0001:0004fa4c       __linear_draw_sprite_vh_flip32 10050a4c     ispr32.obj
 0001:0004fb54       __linear_draw_trans_sprite32 10050b54     ispr32.obj
 0001:0004fd04       __linear_draw_lit_sprite32 10050d04     ispr32.obj
 0001:0004fe18       __linear_draw_character32  10050e18     ispr32.obj
 0001:0004ff3c       __linear_draw_rle_sprite32 10050f3c     ispr32.obj
 0001:00050098       __linear_draw_trans_rle_sprite32 10051098     ispr32.obj
 0001:0005029c       __linear_draw_lit_rle_sprite32 1005129c     ispr32.obj
 0001:00050480       __linear_draw_sprite8      10051480     ispr8.obj
 0001:00050784       __linear_draw_sprite8_end  10051784     ispr8.obj
 0001:00050788       __linear_draw_sprite_v_flip8 10051788     ispr8.obj
 0001:0005086c       __linear_draw_sprite_h_flip8 1005186c     ispr8.obj
 0001:00050950       __linear_draw_sprite_vh_flip8 10051950     ispr8.obj
 0001:00050a3c       __linear_draw_trans_sprite8 10051a3c     ispr8.obj
 0001:00050d20       __linear_draw_lit_sprite8  10051d20     ispr8.obj
 0001:00050e0c       __linear_draw_character8   10051e0c     ispr8.obj
 0001:00050f2c       __linear_draw_rle_sprite8  10051f2c     ispr8.obj
 0001:00051098       __linear_draw_trans_rle_sprite8 10052098     ispr8.obj
 0001:000512f4       __linear_draw_lit_rle_sprite8 100522f4     ispr8.obj
 0001:000514f0       _stretch_blit              100524f0 f   istretch.obj
 0001:00055c60       _masked_stretch_blit       10056c60 f   istretch.obj
 0001:00055ca0       _stretch_sprite            10056ca0 f   istretch.obj
 0001:00055ce0       __poly_zbuf_flat8          10056ce0     izbuf.obj
 0001:00055d28       __poly_zbuf_flat16         10056d28     izbuf.obj
 0001:00055d74       __poly_zbuf_flat32         10056d74     izbuf.obj
 0001:00055dbc       __poly_zbuf_flat24         10056dbc     izbuf.obj
 0001:00055e0c       __poly_zbuf_gcol8          10056e0c     izbuf.obj
 0001:00055e5c       __poly_zbuf_grgb8          10056e5c     izbuf.obj
 0001:00055ef0       __poly_zbuf_grgb15         10056ef0     izbuf.obj
 0001:00055f94       __poly_zbuf_grgb16         10056f94     izbuf.obj
 0001:00056038       __poly_zbuf_grgb32         10057038     izbuf.obj
 0001:000560d8       __poly_zbuf_grgb24         100570d8     izbuf.obj
 0001:00056180       __poly_zbuf_atex8          10057180     izbuf.obj
 0001:00056218       __poly_zbuf_atex_mask8     10057218     izbuf.obj
 0001:000562b4       __poly_zbuf_atex16         100572b4     izbuf.obj
 0001:00056350       __poly_zbuf_atex_mask15    10057350     izbuf.obj
 0001:000563f4       __poly_zbuf_atex_mask16    100573f4     izbuf.obj
 0001:00056498       __poly_zbuf_atex32         10057498     izbuf.obj
 0001:00056534       __poly_zbuf_atex_mask32    10057534     izbuf.obj
 0001:000565d4       __poly_zbuf_atex24         100575d4     izbuf.obj
 0001:0005667c       __poly_zbuf_atex_mask24    1005767c     izbuf.obj
 0001:00056730       __poly_zbuf_atex_lit8      10057730     izbuf.obj
 0001:000567e8       __poly_zbuf_atex_mask_lit8 100577e8     izbuf.obj
 0001:000568a4       __poly_zbuf_atex_lit15     100578a4     izbuf.obj
 0001:00056968       __poly_zbuf_atex_mask_lit15 10057968     izbuf.obj
 0001:00056a34       __poly_zbuf_atex_lit16     10057a34     izbuf.obj
 0001:00056af8       __poly_zbuf_atex_mask_lit16 10057af8     izbuf.obj
 0001:00056bc4       __poly_zbuf_atex_lit32     10057bc4     izbuf.obj
 0001:00056c88       __poly_zbuf_atex_mask_lit32 10057c88     izbuf.obj
 0001:00056d54       __poly_zbuf_atex_lit24     10057d54     izbuf.obj
 0001:00056e28       __poly_zbuf_atex_mask_lit24 10057e28     izbuf.obj
 0001:00056f04       __poly_zbuf_atex_trans8    10057f04     izbuf.obj
 0001:00056fbc       __poly_zbuf_atex_mask_trans8 10057fbc     izbuf.obj
 0001:00057078       __poly_zbuf_atex_trans15   10058078     izbuf.obj
 0001:0005713c       __poly_zbuf_atex_mask_trans15 1005813c     izbuf.obj
 0001:00057204       __poly_zbuf_atex_trans16   10058204     izbuf.obj
 0001:000572c8       __poly_zbuf_atex_mask_trans16 100582c8     izbuf.obj
 0001:00057390       __poly_zbuf_atex_trans32   10058390     izbuf.obj
 0001:00057454       __poly_zbuf_atex_mask_trans32 10058454     izbuf.obj
 0001:00057520       __poly_zbuf_atex_trans24   10058520     izbuf.obj
 0001:000575f8       __poly_zbuf_atex_mask_trans24 100585f8     izbuf.obj
 0001:000576e0       __poly_zbuf_ptex8          100586e0     izbuf.obj
 0001:00057828       __poly_zbuf_ptex_mask8     10058828     izbuf.obj
 0001:00057974       __poly_zbuf_ptex16         10058974     izbuf.obj
 0001:00057ac0       __poly_zbuf_ptex_mask15    10058ac0     izbuf.obj
 0001:00057c14       __poly_zbuf_ptex_mask16    10058c14     izbuf.obj
 0001:00057d68       __poly_zbuf_ptex32         10058d68     izbuf.obj
 0001:00057eb4       __poly_zbuf_ptex_mask32    10058eb4     izbuf.obj
 0001:00058004       __poly_zbuf_ptex24         10059004     izbuf.obj
 0001:0005815c       __poly_zbuf_ptex_mask24    1005915c     izbuf.obj
 0001:000582c0       __poly_zbuf_ptex_lit8      100592c0     izbuf.obj
 0001:00058428       __poly_zbuf_ptex_mask_lit8 10059428     izbuf.obj
 0001:00058594       __poly_zbuf_ptex_lit15     10059594     izbuf.obj
 0001:00058708       __poly_zbuf_ptex_mask_lit15 10059708     izbuf.obj
 0001:00058884       __poly_zbuf_ptex_lit16     10059884     izbuf.obj
 0001:000589f8       __poly_zbuf_ptex_mask_lit16 100599f8     izbuf.obj
 0001:00058b74       __poly_zbuf_ptex_lit32     10059b74     izbuf.obj
 0001:00058ce8       __poly_zbuf_ptex_mask_lit32 10059ce8     izbuf.obj
 0001:00058e64       __poly_zbuf_ptex_lit24     10059e64     izbuf.obj
 0001:00058fe8       __poly_zbuf_ptex_mask_lit24 10059fe8     izbuf.obj
 0001:00059178       __poly_zbuf_ptex_trans8    1005a178     izbuf.obj
 0001:000592e0       __poly_zbuf_ptex_mask_trans8 1005a2e0     izbuf.obj
 0001:0005944c       __poly_zbuf_ptex_trans15   1005a44c     izbuf.obj
 0001:000595c0       __poly_zbuf_ptex_mask_trans15 1005a5c0     izbuf.obj
 0001:00059738       __poly_zbuf_ptex_trans16   1005a738     izbuf.obj
 0001:000598ac       __poly_zbuf_ptex_mask_trans16 1005a8ac     izbuf.obj
 0001:00059a24       __poly_zbuf_ptex_trans32   1005aa24     izbuf.obj
 0001:00059b98       __poly_zbuf_ptex_mask_trans32 1005ab98     izbuf.obj
 0001:00059d14       __poly_zbuf_ptex_trans24   1005ad14     izbuf.obj
 0001:00059ea0       __poly_zbuf_ptex_mask_trans24 1005aea0     izbuf.obj
 0001:0005a040       _gfx_directx_write_bank    1005b040     asmlock.obj
 0001:0005a058       _gfx_directx_unwrite_bank  1005b058     asmlock.obj
 0001:0005a074       _gfx_directx_write_bank_win 1005b074     asmlock.obj
 0001:0005a09c       _gfx_directx_unwrite_bank_win 1005b09c     asmlock.obj
 0001:0005a0cc       _gfx_directx_unlock_win    1005b0cc     asmlock.obj
 0001:0005a148       _gfx_gdi_write_bank        1005b148     asmlock.obj
 0001:0005a170       _gfx_gdi_unwrite_bank      1005b170     asmlock.obj
 0001:0005a190       _set_gdi_color_format      1005b190 f   gdi.obj
 0001:0005a1f0       _set_palette_to_hdc        1005b1f0 f   gdi.obj
 0001:0005a300       _convert_palette_to_hpalette 1005b300 f   gdi.obj
 0001:0005a390       _convert_hpalette_to_palette 1005b390 f   gdi.obj
 0001:0005a400       _convert_bitmap_to_hbitmap 1005b400 f   gdi.obj
 0001:0005aa60       _convert_hbitmap_to_bitmap 1005ba60 f   gdi.obj
 0001:0005b1d0       _draw_to_hdc               1005c1d0 f   gdi.obj
 0001:0005b200       _blit_to_hdc               1005c200 f   gdi.obj
 0001:0005b240       _stretch_blit_to_hdc       1005c240 f   gdi.obj
 0001:0005b2c0       _blit_from_hdc             1005c2c0 f   gdi.obj
 0001:0005b300       _stretch_blit_from_hdc     1005c300 f   gdi.obj
 0001:0005b3b0       _enable_acceleration       1005c3b0 f   wddaccel.obj
 0001:0005bd80       _enable_triple_buffering   1005cd80 f   wddaccel.obj
 0001:0005bdc0       _gfx_directx_create_surface 1005cdc0 f   wddbmp.obj
 0001:0005c020       _gfx_directx_destroy_surf  1005d020 f   wddbmp.obj
 0001:0005c060       _make_directx_bitmap       1005d060 f   wddbmp.obj
 0001:0005c1a0       _destroy_directx_bitmap    1005d1a0 f   wddbmp.obj
 0001:0005c1d0       _gfx_directx_created_sub_bitmap 1005d1d0 f   wddbmp.obj
 0001:0005c1e0       _gfx_directx_create_video_bitmap 1005d1e0 f   wddbmp.obj
 0001:0005c2e0       _gfx_directx_destroy_video_bitmap 1005d2e0 f   wddbmp.obj
 0001:0005c350       _gfx_directx_show_video_bitmap 1005d350 f   wddbmp.obj
 0001:0005c420       _gfx_directx_request_video_bitmap 1005d420 f   wddbmp.obj
 0001:0005c430       _gfx_directx_poll_scroll   1005d430 f   wddbmp.obj
 0001:0005c450       _gfx_directx_create_system_bitmap 1005d450 f   wddbmp.obj
 0001:0005c490       _gfx_directx_destroy_system_bitmap 1005d490 f   wddbmp.obj
 0001:0005c4b0       _win_get_dc                1005d4b0 f   wddbmp.obj
 0001:0005c4e0       _win_release_dc            1005d4e0 f   wddbmp.obj
 0001:0005c510       _register_directx_bitmap   1005d510 f   wddbmpl.obj
 0001:0005c560       _unregister_directx_bitmap 1005d560 f   wddbmpl.obj
 0001:0005c5f0       _unregister_all_directx_bitmaps 1005d5f0 f   wddbmpl.obj
 0001:0005c640       _init_directx              1005d640 f   wddraw.obj
 0001:0005c6d0       _create_primary            1005d6d0 f   wddraw.obj
 0001:0005c700       _create_clipper            1005d700 f   wddraw.obj
 0001:0005c740       _create_palette            1005d740 f   wddraw.obj
 0001:0005c790       _setup_driver              1005d790 f   wddraw.obj
 0001:0005c840       _finalize_directx_init     1005d840 f   wddraw.obj
 0001:0005c8a0       _exit_directx              1005d8a0 f   wddraw.obj
 0001:0005c8d0       _gfx_directx_init          1005d8d0 f   wddraw.obj
 0001:0005ca00       _gfx_directx_set_palette   1005da00 f   wddraw.obj
 0001:0005caa0       _gfx_directx_sync          1005daa0 f   wddraw.obj
 0001:0005cab0       _gfx_directx_exit          1005dab0 f   wddraw.obj
 0001:0005ccd0       _gfx_directx_restore       1005dcd0 f   wddlock.obj
 0001:0005cd20       _gfx_directx_lock          1005dd20 f   wddlock.obj
 0001:0005cea0       _gfx_directx_autolock      1005dea0 f   wddlock.obj
 0001:0005cf90       _gfx_directx_unlock        1005df90 f   wddlock.obj
 0001:0005d010       _gfx_directx_release_lock  1005e010 f   wddlock.obj
 0001:0005d070       _build_desktop_rgb_map     1005e070 f   wddmode.obj
 0001:0005d160       _gfx_directx_compare_color_depth 1005e160 f   wddmode.obj
 0001:0005d270       _gfx_directx_update_color_format 1005e270 f   wddmode.obj
 0001:0005d390       _gfx_directx_fetch_mode_list 1005e390 f   wddmode.obj
 0001:0005d520       _set_video_mode            1005e520 f   wddmode.obj
 0001:0005ec10       _digi_directsound_capture_init 1005fc10 f   wdsinput.obj
 0001:0005f0e0       _digi_directsound_capture_exit 100600e0 f   wdsinput.obj
 0001:0005f100       _digi_directsound_capture_detect 10060100 f   wdsinput.obj
 0001:0005f180       _digi_directsound_rec_cap_rate 10060180 f   wdsinput.obj
 0001:0005f1b0       _digi_directsound_rec_cap_param 100601b0 f   wdsinput.obj
 0001:0005f240       _digi_directsound_rec_source 10060240 f   wdsinput.obj
 0001:0005f250       _digi_directsound_rec_start 10060250 f   wdsinput.obj
[...]
 0001:00016560       _refill_buffer             10017560 f   file.obj
 0001:00016790       _flush_buffer              10017790 f   file.obj
 0001:000168f0       _pack_write                100178f0 f   file.obj
 0001:00016cb0       _pack_inittree             10017cb0 f   file.obj
 0001:00016ce0       _pack_insertnode           10017ce0 f   file.obj
 0001:00016e20       _pack_deletenode           10017e20 f   file.obj
 0001:00016f20       _pack_read                 10017f20 f   file.obj
 0001:000134e0       _count_drivers             100144e0 f   drvlist.obj
 0001:00012f80       _find_switch_bitmap        10013f80 f   dispsw.obj
 0001:000130e0       _reconstruct_kids          100140e0 f   dispsw.obj
 0001:000131c0       _save_bitmap_state         100141c0 f   dispsw.obj
 0001:00013260       _fudge_bitmap              10014260 f   dispsw.obj
 0001:000132c0       _swap_bitmap_contents      100142c0 f   dispsw.obj
 0001:000133e0       _restore_bitmap_state      100143e0 f   dispsw.obj
 0001:000113f0       _digmid_load_patches       100123f0 f   digmid.obj
 0001:00011aa0       _load_patch                10012aa0 f   digmid.obj
 0001:000121d0       _destroy_patch             100131d0 f   digmid.obj
 0001:00012220       _parse_string              10013220 f   digmid.obj
 0001:00012330       _digmid_key_on             10013330 f   digmid.obj
 0001:000124b0       _digmid_trigger            100134b0 f   digmid.obj
 0001:000125a0       _digmid_freq               100135a0 f   digmid.obj
 0001:00012830       _scale64                   10013830 f   digmid.obj
 0001:000128c0       _digmid_key_off            100138c0 f   digmid.obj
 0001:00012900       _digmid_set_volume         10013900 f   digmid.obj
 0001:00012aa0       _digmid_set_pitch          10013aa0 f   digmid.obj
 0001:00012af0       _digmid_detect             10013af0 f   digmid.obj
 0001:00012b40       _digmid_init               10013b40 f   digmid.obj
 0001:00012bc0       _digmid_exit               10013bc0 f   digmid.obj
 0001:0000e1d0       _read_old_datafile         1000f1d0 f   datafile.obj
 0001:0000e500       _read_block                1000f500 f   datafile.obj
 0001:0000e560       _read_bitmap               1000f560 f   datafile.obj
 0001:0000f390       _load_st_data              10010390 f   datafile.obj
 0001:0000f420       _read_font_fixed           10010420 f   datafile.obj
 0001:0000f550       _read_font_prop            10010550 f   datafile.obj
 0001:0000f6e0       _read_palette              100106e0 f   datafile.obj
 0001:0000f7f0       _read_sample               100107f0 f   datafile.obj
 0001:0000f920       _read_midi                 10010920 f   datafile.obj
 0001:0000f9c0       _read_rle_sprite           100109c0 f   datafile.obj
 0001:0000fd90       _read_compiled_sprite      10010d90 f   datafile.obj
 0001:0000fdf0       _unload_midi               10010df0 f   datafile.obj
 0001:0000fe30       _load_file_object          10010e30 f   datafile.obj
 0001:00010130       _load_object               10011130 f   datafile.obj
 0001:00010180       _load_data_object          10011180 f   datafile.obj
 0001:00010d60       _load_font_object          10011d60 f   datafile.obj
 0001:00010db0       _read_font                 10011db0 f   datafile.obj
 0001:00010ec0       _read_font_mono            10011ec0 f   datafile.obj
 0001:00011030       _read_font_color           10012030 f   datafile.obj
 0001:00011140       _load_sample_object        10012140 f   datafile.obj
 0001:00011150       _load_midi_object          10012150 f   datafile.obj
 0001:00011160       _load_bitmap_object        10012160 f   datafile.obj
 0001:00011180       _load_rle_sprite_object    10012180 f   datafile.obj
 0001:000111a0       _load_compiled_sprite_object 100121a0 f   datafile.obj
 0001:000111c0       _load_xcompiled_sprite_object 100121c0 f   datafile.obj
 0001:000111e0       _unload_sample             100121e0 f   datafile.obj
 0001:0000c600       _flush_config              1000d600 f   config.obj
 0001:0000c770       _load_config_file          1000d770 f   config.obj
 0001:0000c8e0       _destroy_config            1000d8e0 f   config.obj
 0001:0000c950       _set_config                1000d950 f   config.obj
 0001:0000ca70       _init_config               1000da70 f   config.obj
 0001:0000cb90       _config_cleanup            1000db90 f   config.obj
 0001:0000cc50       _get_line                  1000dc50 f   config.obj
 0001:0000d0d0       _prettify_section_name     1000e0d0 f   config.obj
 0001:0000d330       _find_config_string        1000e330 f   config.obj
 0001:0000dad0       _insert_variable           1000ead0 f   config.obj
 0001:0000aaa0       _bestfit_init              1000baa0 f   color.obj
 0001:00003990       _read_bmfileheader         10004990 f   bmp.obj
 0001:000039e0       _read_win_bminfoheader     100049e0 f   bmp.obj
 0001:00003a60       _read_os2_bminfoheader     10004a60 f   bmp.obj
 0001:00003ac0       _read_bmicolors            10004ac0 f   bmp.obj
 0001:00003ba0       _read_image                10004ba0 f   bmp.obj
 0001:00003c50       _read_1bit_line            10004c50 f   bmp.obj
 0001:00003cc0       _read_4bit_line            10004cc0 f   bmp.obj
 0001:00003d40       _read_8bit_line            10004d40 f   bmp.obj
 0001:00003da0       _read_24bit_line           10004da0 f   bmp.obj
 0001:00003ef0       _read_RLE8_compressed_image 10004ef0 f   bmp.obj
 0001:000040e0       _read_RLE4_compressed_image 100050e0 f   bmp.obj
 0001:000008a0       _blit_from_256             100018a0 f   blit.obj
 0001:00000d00       _get_replacement_mask_color 10001d00 f   blit.obj
 0001:00000d70       _blit_from_15              10001d70 f   blit.obj
 0001:00001440       _makecol_trans             10002440 f   blit.obj
 0001:000014b0       _dither_blit               100024b0 f   blit.obj
 0001:00001810       _blit_from_16              10002810 f   blit.obj
 0001:00001ee0       _blit_from_24              10002ee0 f   blit.obj
 0001:000028e0       _makecol_dither_trans      100038e0 f   blit.obj
 0001:00002980       _blit_from_32              10003980 f   blit.obj
 0001:000032a0       _blit_to_or_from_modex     100042a0 f   blit.obj
 0001:00003560       _blit_to_self              10004560 f   blit.obj
 0001:00000550       _debug_exit                10001550 f   allegro.obj
 0001:00000700       _sys_none_init             10001700 f   allegro.obj
 0001:00000710       _sys_none_exit             10001710 f   allegro.obj
 0001:00000720       _sys_no_driver             10001720 f   allegro.obj

FIXUPS: 115e 9 46 49 35 9 21 9 10 cd 4b 121 79 7c a9 68e49 8d 10 14 11
FIXUPS: 2f36 cf 6a 12b 76 10f 1ae 76 10e 18b 146 20 19 7b b7 5b 10e 67
FIXUPS: 3d53 182 67 f6 171 28a 14f 4a ffffcae6 5 5 5 5a 2a 4520 1b 42 26
FIXUPS: 1791 2a 2a 2a 2a 2a 80 453 19 77 cc 62 10b 1a8 1a3 12c 19 ce 83
FIXUPS: 25f0 10 58 20e cc 62 10b 1a8 1a3 2407 b3 25 a2 3f 27 7 8 8 17 1f
FIXUPS: 5427 a 8 7 8 7 8 b 17 b 3a 30 31 26 2d 8 48 2f 1b 1c 1b fffff3d3
FIXUPS: 4a1c 6 6 6 3c b b 6 77 2f 2e 2b 59 10 10 10 6a 70 81 7e 27 25 a3
FIXUPS: 4f43 25 6e 48 27 25 cd 25 205d 22 24 d7 42 ffffd508 18 11 13 30
FIXUPS: 48b0 15 12 12 f 18 13 e e 16 b 16 22 c 9 a a 2c 8 8 6 9 1e23 22
FIXUPS: 6875 d7 42 190 36 40 42 81 10 1f 1b d 1f 1b d 22 24 d7 42 18e 36
FIXUPS: 7058 42 81 10 1f 1b d 1f 1b ffffed01 22 24 d7 42 18d 36 40 42 81
FIXUPS: 62e2 1f 1b d 1f 1b d 22 24 d7 42 189 36 40 42 81 10 1f 1b d 1f
FIXUPS: 6822 2082 20 61 27 26 ffffce95 36 40 42 81 10 1f 1b d 1f 1b d 22
FIXUPS: 5a24 d7 42 199 36 40 42 81 10 1f 1b d 1f 1b 230f 27 26 200 24 c
FIXUPS: 8448 11 e c 1c 11 e c 22 11 20 61 27 26 1f8 24 c 1c 11 e c 1c 11
FIXUPS: 8865 c 22 fffff21a 1ea 25 c 1c 11 e c 1c 11 e c 22 11 20 61 27
FIXUPS: 7e57 1e6 24 c 1c 11 e c 1c 11 e c 22 11 20 fffff410 c 1c 11 e c
FIXUPS: 75cd 11 e c 1f 11 20 60 27 26 1fc 24 c 1c 11 e c 1c 11 e c 1f 11
FIXUPS: 79ff 61 27 2c82 69 f7 10f 6c 55 4d c8 66 55 4d 12f 6f 55 4d 16e
FIXUPS: b044 30 30 30 30 30 30 30 30 30 30 30 30 159 5f ffffc0fe 1b0d 48
FIXUPS: 90dc 92 59 48 4d c9 52 48 4d 108 3bb 65 55 69 f7 10f 6c 55 4d c8
FIXUPS: 9e34 55 4d 12f 6f 55 4d 16e 3cb 65 1504 20 75 f f 11 f f 11 f f
FIXUPS: bcda f f 11 f f 11 f f 1c0 2a 1095 2be dd 208 ffffb7d5 5a 48 69
FIXUPS: 8f2c c3 5de4 9 2d 8 6 26 c b 40 26 1b 23 7f 26 9 20 62 29 1a 19
FIXUPS: f0ce ffffc3b1 130 127 26 281 20 20 20 1d 164 37 2bf1 41 55 17 1a
FIXUPS: e890 5a 44 bc 42 13 4c 21 47 1c 60 10 14 30 10 14 22 10 3b 10 14
FIXUPS: eca9 10 7d 2b 28 28 fffff38f 8 75 14 3a 17 1a 29 3b 52 16 8c 11
FIXUPS: e3cb 4c 1a 22 21 8d 22 28 7 3c 1d 24 2c 34 e 6 5c 24 30 fffff392
FIXUPS: dacd 1f 19 12 1d 10 5d 1f 18 18 48 113 38 78 d 47 6 f 6 13 3e 27
FIXUPS: defd 25 19 40 40 17 1f 33 bc 40e7 c ffffb424 57 29 29 2a 2a 20
FIXUPS: d722 14 26 24 13 18 32 14 17 21 2f 1d 1b 9 17 17 26 71 16 35 50
FIXUPS: da25 1b 42a8 14 14 14 17 14 18 17 12 b 52 30 1d 35 42 48 8 61 c
FIXUPS: 11fc2 9f 8 5d 3d 43 10 11 c 14 a 16 c ffffee08 1a a4 83 59 38 29
FIXUPS: 111d1 b 22 10 1e f 2e 1d 8 f8 35 9d b 4b 7c e7 c4 9e 179 6f 44
FIXUPS: 11a0e 229 89 14 ffffee27 16 35 4f 29 27 2d 19 1d 39 1e f 3f f 6
FIXUPS: 10d31 6 6 a 6 51 24 1a 67 85 17 a 35 14 17 23 3c fffff2fa 2f 6
FIXUPS: 103ad 8 8 8 117 21 f6 3d 26 f 28 b1 29 29 90 26 9 33 40 a5 c 13
FIXUPS: 109a5 48 a 8 66 32 2f fffff020 2b 29 25 13 9e 29 25 25 15 57 27
FIXUPS: fd3d 25 d4 29 25 25 15 59 27 27 25 be 2b 27 25 cd 27 27 2d 8c fffff047
FIXUPS: f2f9 19 d 19 c 21 22 1c 1c 1b 25 1d 16 d 60 6 94 52 4c c e 6c 1f
FIXUPS: f6ba 40 74 30 4c ac b0 c9 3b7e 281 dd a 4e 5c 94 38 16 51 7 2b
FIXUPS: 13b15 10 23 42 12 5b ffffb511 14 36 15 b 21 15 10 25 1c 2f 4c 28
FIXUPS: f2ba 3967 f f a b b 23 4b 34 18 29 24a b 12 97 4b 67 2e 33 43 62
FIXUPS: 13380 69 b2 1b 3c 3b a 7 b b 30 fffff238 10 8 1c 2c c 31 19 a 2a
FIXUPS: 128ba d 3d 82 13 d 2c 13 15 1b 8 26 79 6f 27 6 13 23 12 5d 6 f
FIXUPS: 123a8 11 1f 1e 2b 4d 1a 12 2e 1d 2f 4b b 14 2c b 2e 61 23 b 24
FIXUPS: 126a7 f 18 17 19 15 3a 17 d 10 17 5803 65 69 36 ffffc3eb 91 70
FIXUPS: 13efd aa 4f a5 c f5 4f 13 58 1a 1a d0 c 8b 33 9 14 ffffde72 1f
FIXUPS: 122db 1d 1d 20 23 19 4c8f 2a 60 37 70 49 47 3e 78 56 aa 3c 29 11
FIXUPS: 1746e 2b 2b 2d 65 4e 1c 19c 62 1a6 72 1a cb 8d 38 22 2c 72 ffffec8d
FIXUPS: 168da d3 16 1f f c 1e 2c 1b 1c 6 30 2a 88 51 3d 2a 48 2e 2c 2a
FIXUPS: 16d4a 37 80 49 47 3f 64 2a 48 2e fffff19f 6 d 27 10 1b c 1a 11
FIXUPS: 1622f 10 12 6 4a 25 e d 2bd 15 13 7f 30 31 1a 10 14 96 21 1a 4a
FIXUPS: 1680a d fffff600 f a 1c 1a c a 41 1a 6 f a 80 72 d 18 10 16 9 16
FIXUPS: 1605f 37 9 16 d 18 10 f 1f 13 24 6 fffffa17 11 22 c 12 15 e 61
FIXUPS: 15c49 a 1c 1d f a 32 a 9 1a 8 c c a 40 8 c f a 2b 8 c c a fffff903
FIXUPS: 15708 20 a 11 11 28 18 1e 27 12 44 4e d 25 3e 38 d 25 c4 f 12 15
FIXUPS: 15a5f 28 13 17 11 24 4a f 15 fffff734 22 1f 12 10 d 11 20 1c f
FIXUPS: 1537d 29 30 54 22 22 61 3f 1f 28 64 41 2f 7 15 21 21 a 9 3b 8 8
FIXUPS: 14f35 f c 19 15 17 10 23 2b a 32 1f 6 10 1f 8 f 1e 8 9b 14 14 8
FIXUPS: 151a7 34 9 18 13 a 13 39 9 fffff89a 10 17 1a 2e a 2e 16 22 38 1a
FIXUPS: 14c59 13 24 19 13 28 17 f 2d 1d 3e 12 11 35 22 37 69 e c 47 13
FIXUPS: 1470d 13 29 d 1b d d 3d f 12 53 11 8 12 64 23 1d 21 25 8 14 1f
FIXUPS: 149b6 3c 13 2e 17 1a 2f 15 2a 1b 3d3a 55 34 47 9 9 9 7 9 9 8e 31
FIXUPS: 18b16 4e 28 3e 200 154 13 216 3ef 1b 10 e 37 10 ffffb02d 55 17
FIXUPS: 14678 7c a 3c14 2e 48 11 b 6d 28 1b 10 e e e e e e e d c0 43 6d
FIXUPS: 18657 14 31 1a 4e 12 35 11 17 41 23 27 2b17 1b 7f 3c 15 b9 ffffe802
FIXUPS: 19d04 197 a3 bf 17 ce fffff631 52 40 445 ffffe58c 21 13 32 17 25
FIXUPS: 18220 12 1b 19 21 3b 17 11 1c 2b40 2e 39 1c 1c 67 1a 3e 13 36 22
FIXUPS: 1b114 25 f 22 16 6 6 6 8 1e a 17 c 12 18 2f 7 1f 26 44 d fffff54a
FIXUPS: 1a82f 10 8d 4a 20 19 24 17 20 1f 78 dc c 23 17 10 1d 2d 6 19 14
FIXUPS: 1ac07 7c f 1b a7 6 16 29 19 6 fffff387 79 25 4b 17 15 1f 16 43
FIXUPS: 1a3b2 28 28 c 12 2d 23 8 13 1c 8 1a 1c 8 2d 2d 3c e9 aa bd 15 13
FIXUPS: 1a816 4d0c 60 ffffc231 16 6a 1c 67 111 128 122 1c 1ba e 3e e e
FIXUPS: 1be71 39 22 27 24 1b 1b 5be 2ba 6d1 461 26 48 2c 27b ffffcb26 4358
FIXUPS: 1e516 88 10 97 38 19 19 13 1c 46 1b 7c 13 24 13 28 13 2a 13 25
FIXUPS: 1e8ab 84 dc 1f2 105 1cc de d4 67 91 321 332f 1e b3 10 3d 1e 23
FIXUPS: 2295c 59 4c 1b6 18 32 1a 5d ffffb445 25 38 82 fe 10 12 22 12 a
FIXUPS: 1e318 9 2d 84 9 48 9 3b48 a 1d 11 18 1f 28 179 3e 1a 3d 2d 67 65
FIXUPS: 22355 3a 5c 6d 72 25 a 6 26 32 d c9 8 7e 4e a 1a 1a fffff1cb 1d
FIXUPS: 21971 2c 24 18 16 1e 62 9d 17 28 14 3b 1b 37 6c 10 1e a 65 28 5
FIXUPS: 21d2c 6e 30 26 4f 28 84 2f 31 ffffec10 12 18 195 c 169 11 e 38
FIXUPS: 21003 1f5 36 3c 6b 3d 1c a c8 6e 8 57 38 2d d5 30 1a 24 21 83 37
FIXUPS: 21766 19 ffffe963 8 19 e 23 5 6 cd 8 15 23 1f 9 6d a e 204 1d1
FIXUPS: 206ec 8 16 a4 6 10a 14 da 27 8a 31 65 1e 8 5c5d 88 40 40 40 40
FIXUPS: 2693e ffff90b3 9 17 9 17 9 17 9 214 c2 4b 3b 34 f7 71 f 96 54 12
FIXUPS: 20065 d 15 9 22 e 568a 2f 133 62 26 58 38 7c 33 a8 11 53 11 3c
FIXUPS: 25c04 7d 42 61 46 5a 13 3d 3e f2 4b1 16a 4d 4f 4e 8f 47 4e ffffe84d
FIXUPS: 25012 25 45 1d 22 79 11 21 3c 45 4e 6 24 e 30 85 5f 4e 70 c0 d8
FIXUPS: 2562a 18 6 d 6 1d 6 c 6a 8 fffff311 21 32 1d 17 19 18 36 68 24
FIXUPS: 24bad 29 c e1 1e 30 d 27 6 34 26 35 cd 11 14 10 25 3d 21 23 a 11
FIXUPS: 2414f 4e 64 57 19 21 11 75 8 64 4e 72 f 4e 140 4e 9 53 4e 9 28
FIXUPS: 247e1 2c 15 32 18 39 15 32 1a c8 23 ffffeec0 7a d 17 64 13 29 20
FIXUPS: 23a15 62 2d 24 71 21 32 4e 9 2a d6 141 70 44 1f 2b 91 39 3a 38
FIXUPS: 24064 33 57 2b ffffeec9 54 95 4a 1d 6 4d 1d 6 4d 15 1d 6 e7 7 14
FIXUPS: 2336a 6 5a 97 34 4e a8 4e 9 1ac 21 31 e 5f 19 29 3f4d 2c 55 48
FIXUPS: 27919 1a 140 36 36 42 36 36 42 36 36 4f 30 30 74 33 4f 33 ffffaf5d
FIXUPS: 22dd1 1a 11 11 30 10 63 5b 8d 5073 53 13 2f 12 a 2e 10c a 53 6
FIXUPS: 2827d 1f 9 1f 37 10 6 1f 1f 9 1e 2a 15 12 90 2a 6 ffffead4 7e6
FIXUPS: 2776b 51 2236 16 5 6 ffffea87 a0 2d bd 311 5 2cc 11 30 14 29 341
FIXUPS: 28fca 39 65 a 28 29 18 2a 28 5 1c ffffeda3 69 31 51 10 12d3 28
FIXUPS: 2930e 15 28 9 1b 1b 9 6 e 1b 1a 10 d cc 22 31 55 a5 22 35 58 1de
FIXUPS: 298e6 29 29 2e 15 21 2a f 1bdf 55 38 46 43 3f 40 30 35 30 35 30
FIXUPS: 2b8f8 45 ffffe216 3f fffff5e2 2f 1a 10 15 6 17 24 10 15 e 15 c
FIXUPS: 29281 6 27 1669 31 30 33 31 31 31 30 33 31 30 33 31 31 1e0 9d 7d
FIXUPS: 2aedc be 44 12e 17 9a e2 3d 3b 5c 3d 3c 149 30 30 ffffe9f3 33 36
FIXUPS: 2a021 33 30 33 31 30 33 30 33 115 14 32 32 78 14 32 32 aa 8d 77
FIXUPS: 2a756 31 31 31 33 31 36 31 30 1c41 38e 28 26 3d 61 30 1fa f 16c
FIXUPS: 2cec4 1b 9b e 67 2d 3c 2d 1b b 2a 2b 8b 41 5e a1 26 c 7e 10 ffffcb9b
FIXUPS: 29f57 1c36 22 160 181 71 10 28 9 1c 10 f 10 41 13 16 b 20 28 c
FIXUPS: 2c104 64 5e f 12d 1a 24 15 2e 8 1a 1e a 3511 119 c3 87 16b 118
FIXUPS: 2feb1 1c7 15e 136 184 11d ee 1c8 15f 131 a7 1a2 1d0 ffffab36 2d
FIXUPS: 2ba9c 1e 6 16 21 1f 1a 1d 1d 6 17 23e5 63 b3 293 b7 87 df 92 67
FIXUPS: 2e74d bf 93 10c af 80 102 b0 81 116 b7 88 112 b8 8d 11b c0 84 11d
FIXUPS: 2f5f6 85 11b c2 2392 c ba ffffb8df ff 7b 123 28 f 15 f 70 28 f
FIXUPS: 2d943 f 75 28 f 15 f 66 28 f 15 f 19a 20 91 20 36 15a 35bd f f
FIXUPS: 314c3 a 17 c 5a 5c 15 c 19 18 12 19 18 12 29 5d 66 b0 5f d9 1d
FIXUPS: 3194b 39 10d 27 ee f f f 116e 9 6c a 1c 26 a 68 18 12 13 ffffe191
FIXUPS: 3109f 19 5d 2d 5c b1 10 c0 e 2c e 2c e 29 e 29 e 22 10 30 ee9 4a
FIXUPS: 3248f 44 28 4c 48 e1 92 138 b0 5f 38 a 28 26 2d a 87 76 25 9 2c
FIXUPS: 32bcd 1f 9 4b 53 45 1f 9 22 a62 25 1c 5e 30 61 2e 4a 3b 31 30 21
FIXUPS: 31d3a 1a3 1a 8 11 36 c 14 b 15 b 27 21 3c 7f 45 f2 25 1e 10e ea7
FIXUPS: 331f9 121 46 2f 2f 28 9 17 2b 43 21 54 27 27 27 1a 8 a b b b 3d
FIXUPS: 3361d 35 3b 29 1a 8 9 a 22 30f2 93 36 85 37 b6 50 24 4e 3e ffffc3c4
FIXUPS: 32f2a 1b 1b 23 e 15 a a e e 2b 2f 2f 31 23 1e 18 a 26 16 11 2d8d
FIXUPS: 35f7c 53 c d b ea 39 12 13 5a 4d 4d 55 4b 9e 78 ab 21 25 86 2b
FIXUPS: 365a6 39 19 39 7a 3e c f 5b 50 ffffec9a 3b 116 69 c d b ee 8a 97
FIXUPS: 3587b 40 3c 3c 3c 3a 94 6a 5c 25 40 1f 39 19 39 b7 26 73 52 3c
FIXUPS: 35e2c 66 ffffe777 13 13 7a 4d 4d 31 3c 3f a8 7b 76 23 8b 23 4f
FIXUPS: 34e25 8a 97 71 b3 24 aa 31 77 4b 4b 34 3c 3c a8 4b ffffe87e 49
FIXUPS: 33cec f 13 10 13 76 4d 4d 31 3f 3f 67 4d 31 3c 52 c5 1b 7e 1b 9b
FIXUPS: 342ec 80 74 23 15b 2e 49 f 12 3db3 28 9 25 9 28 9 28 9 4f fffff717
FIXUPS: 37eee 10 dd ffffefbd 1dd 61 4a 3f 90 2cd fffff771 29 61 11 6e 12e
FIXUPS: 33a58 26 63 2e 156 6021 74 31 31 31 31 30 3a 30 46 39 36 39 a0
FIXUPS: 39ffb ffffe0e8 ab 9 77 9 7d f 22 20 19 23 1b 16 8 6 1f 9 bfc 78
FIXUPS: 39027 94 24 6d 2b 55 2b 5b 2b b1 2b 6d 3a 4c 3a 23e 18 1a 31 18
FIXUPS: 39759 4b 28 1f 1f af b b e 380 f43 fc 48 27 c7 24 9d 2e 69 4d 4d
FIXUPS: 3aff5 3c 3c 69 4d 31 3b 93 4f c d b 74 2e ffffd926 4d 19d 2b 5b
FIXUPS: 38ef8 61 3c13 2c 14 b 31 12 6 6 40 b 31 12 20 507 ffffd04d 19 19
FIXUPS: 3a265 1b 3e8 19 19 2b 1b 1d8 99 e 43 3b 1f 3b fc 1bae 34 2c e 18
FIXUPS: 3c786 a 25 33 19 18 19 1a 24 b 3f 1e 44 12 1e 12 1e a 6 6 85 1b
FIXUPS: 3ca48 25 d 21 ab fffff477 e 13 53 6c a 2e a bd 13 f1 13 c6 10 47
FIXUPS: 3c3da 15 50 13c e 9 d 23 a 9 d 30 1e 21 1b 37 19 fffff043 a 25
FIXUPS: 3b738 25 a 25 a 2b 52 ae 79 3d a 2e a 2d a 2d a d 5 31 f5 10 5a
FIXUPS: 3bef0 1d d 2f e 13 1fe1 19 d d 36 8 9 35 124 10 fffffa12 be ad
FIXUPS: 3dccb eb 2e ffffd622 eb 4f 7e 22 a 2a a 25 a 25 a 25 a 25 a 3e4d
FIXUPS: 3f59a 38 36 8b 34 34 33 39 ffffea36 22 1e 1d 79 3b 22 1f 22 84
FIXUPS: 3e3a5 7 64 3e 32 2e 32 2e 32 2e 42 fffff90a 7f d79 23 18 49 34
FIXUPS: 3edb6 54 20 8b a5 1c 75 8f 19 6f 75 3c 36 2e 2e 19 15 23 19 8 9
FIXUPS: 3f2ca 17 26 70 64 aa fffff201 2b d 6 29 d 6 6 a 27 2d 19 52 26
FIXUPS: 3e81b 26 b e4 9 23 15 5c 38 7a 27 a4 18 2c 20 77 1e 5d 416b 39
FIXUPS: 42ede c6 8a 144 39 10 3a 11 f a0 20 ffffc63e 35 70 29 4a 22 44
FIXUPS: 3faba c 119 2f 24 2f 6e bb 54 48 ffffe808 2f 3855 3c 10 50 10 db
FIXUPS: 42055 bb bf 3b 34 2d 42 2c 3e 26 2f 7a 376 3a 46 89 23 21 55 5c
FIXUPS: 42bd9 68 7d 41 10 a0 1677 15 a a 15 32 ffffbe30 71 d e4 16 5d 17
FIXUPS: 40563 2a 18 2e 59 22 29 54 8 3b 14 24 1342 1a d8 1f0 104 13 1e
FIXUPS: 52525 1d7 59 86 b5 61 1e 1e 1e 1e 42de 4e 37 fffed97c 1e fffffb87
FIXUPS: 4420d 3b 24 6f 1d 32 1c 1a 18 1f 8 3f 15 a a 15 19060 20 6 fffff098
FIXUPS: 5c544 15e 6 16a 9c 192 169 170 ffffe56b f 27 36 11b 17 c 66c 12
FIXUPS: 5bab5 fe 84 5bc 38 1e d 95 7e 21 6 15eb 18 15 14 e 1d 94 46 13
FIXUPS: 5dae8 19 e 46 e a fffff3f6 118 5b d6 75 47 25 26 17 3b 20 9 16
FIXUPS: 5d358 16 ba 3d 8d4 99 b7 31 96 29 2b 76 fffffba3 13 a 8 2b 8 38
FIXUPS: 5dc60 8 45 e fffff998 90 117 6d 17 7c 10 f 1a 11 10 a f 134d a
FIXUPS: 5ecd5 8 21 10 15 63 13 2a 40 1b 2d 17 14 fffff2a4 87 c c e4 c c
FIXUPS: 5e3b4 5c 13 3b 26 55 b b 197 14 144c 25 13 49 29 18 18 13 f ffffebc0
FIXUPS: 5e7a7 47 105 5d 16 34 1c 34 42 10 1c 26 1b 10 ec 13 7c 1a 10 d
FIXUPS: 5ec79 37 509 bb 7 17 2d 24 1a 6b 2a 19 10 d 1e f 70 8 21 10 15
FIXUPS: 5f4d3 6d 40 58 41 1f 9 25b 26 178 16 21 16 21c9 ffffea5f 22 56
FIXUPS: 60751 3b 174 136 22 2b 32 1eb 49 a ffffef9f c 386 bd b6 2f 1f 1f
FIXUPS: 60223 72 ffffec11 38 192 cc 10 30 12 1b 3112 1b 20 20 107 29 ffffe9a1
FIXUPS: 60dec 59 38 10 15 10 114 39 22 58 29 3a 1b6 5b 65 47 15 1bf 39
FIXUPS: 61654 351 f3 3e 59 45 1948 8 4b d 4b 11 12 2a 11 fffff420 60 c8
FIXUPS: 62b64 d 15 4d 69 c7 fffffa53 115 5 17 5 3f 5 5 5 17 60 fffff781
FIXUPS: 620e2 1cb 13c8 42d 31c ffffef7d 15 16 1e 1b 1f 11 48 3e 4f 30 1c
FIXUPS: 62f1e 4b 28 67 1c 80 29 3a 43 20 20 d8 22 4a 14 18d 4c 157d b0
FIXUPS: 64af0 8 30e 33 4b 166 8 d fffff359 c0 28 61 64 10c fffff892 c4
FIXUPS: 63fc1 14 9f 5 9 47 10 5 6b 18 19 94 8e 15 1265 5 5 10 2c 63 7b
FIXUPS: 65747 1a 60 5 167 a8 ffffeca8 1d 4f 88 8 6e 1b 20 8 39 1f 9 99
FIXUPS: 64929 9 44 7 5 1d 18ee 27 1a6 5e 3d 45 10a e 6c a7 a f 16 16 21
FIXUPS: 667d4 fffff3a4 75 3c 15 6 1c1 1e fffff592 c9 2d 10 22 8 5 9 1e
FIXUPS: 68fe3 9 d c8 26 2a 16 ffffd814 f6 7 10 10 10 10 2f 16 10 2f 16
FIXUPS: 66b22 2b 3d fffff387 5 256 17 17 17 1c a4 5 5 2a0f 14 14 14 14
FIXUPS: 68cf1 14 14 14 14 26 22 9 2b 22 9 2b 22 9 2b 22 9 2b 22 9 2b 22
FIXUPS: 68f40 2b 22 9 2b fffff316 b cc 29 2c 93 c5 2c 49 38 3a 3a e2 69
FIXUPS: 68814 27 150 17d 2e 22 9 3e 23 1b 11 d 14 14 14 14 14 17

 96 bytes saved through ICF

